Component: ARM Compiler 5.06 update 6 (build 750) Tool: armlink [4d35ed]

==============================================================================

Section Cross References

    startup_stm32f767xx.o(RESET) refers to startup_stm32f767xx.o(STACK) for __initial_sp
    startup_stm32f767xx.o(RESET) refers to startup_stm32f767xx.o(.text) for Reset_Handler
    startup_stm32f767xx.o(RESET) refers to stm32f7xx_it.o(i.SysTick_Handler) for SysTick_Handler
    startup_stm32f767xx.o(RESET) refers to stm32f7xx_it.o(i.EXTI0_IRQHandler) for EXTI0_IRQHandler
    startup_stm32f767xx.o(RESET) refers to stm32f7xx_it.o(i.EXTI1_IRQHandler) for EXTI1_IRQHandler
    startup_stm32f767xx.o(RESET) refers to stm32f7xx_it.o(i.EXTI9_5_IRQHandler) for EXTI9_5_IRQHandler
    startup_stm32f767xx.o(RESET) refers to stm32f7xx_it.o(i.TIM8_UP_TIM13_IRQHandler) for TIM8_UP_TIM13_IRQHandler
    startup_stm32f767xx.o(.text) refers to system_stm32f7xx.o(i.SystemInit) for SystemInit
    startup_stm32f767xx.o(.text) refers to entry.o(.ARM.Collect$$$$00000000) for __main
    ili9341_gfx.o(i.ILI9341_Draw_Char) refers to ili9341_stm32_driver.o(i.ILI9341_Draw_Rectangle) for ILI9341_Draw_Rectangle
    ili9341_gfx.o(i.ILI9341_Draw_Char) refers to ili9341_stm32_driver.o(i.ILI9341_Draw_Pixel) for ILI9341_Draw_Pixel
    ili9341_gfx.o(i.ILI9341_Draw_Char) refers to ili9341_gfx.o(.constdata) for font
    ili9341_gfx.o(i.ILI9341_Draw_Filled_Circle) refers to ili9341_stm32_driver.o(i.ILI9341_Draw_Pixel) for ILI9341_Draw_Pixel
    ili9341_gfx.o(i.ILI9341_Draw_Filled_Rectangle_Coord) refers to ili9341_stm32_driver.o(i.ILI9341_Draw_Rectangle) for ILI9341_Draw_Rectangle
    ili9341_gfx.o(i.ILI9341_Draw_Hollow_Circle) refers to ili9341_stm32_driver.o(i.ILI9341_Draw_Pixel) for ILI9341_Draw_Pixel
    ili9341_gfx.o(i.ILI9341_Draw_Hollow_Rectangle_Coord) refers to ili9341_stm32_driver.o(i.ILI9341_Draw_Horizontal_Line) for ILI9341_Draw_Horizontal_Line
    ili9341_gfx.o(i.ILI9341_Draw_Hollow_Rectangle_Coord) refers to ili9341_stm32_driver.o(i.ILI9341_Draw_Vertical_Line) for ILI9341_Draw_Vertical_Line
    ili9341_gfx.o(i.ILI9341_Draw_Hollow_Rectangle_Coord) refers to ili9341_stm32_driver.o(i.ILI9341_Draw_Pixel) for ILI9341_Draw_Pixel
    ili9341_gfx.o(i.ILI9341_Draw_Image) refers to ili9341_stm32_driver.o(i.ILI9341_Set_Rotation) for ILI9341_Set_Rotation
    ili9341_gfx.o(i.ILI9341_Draw_Image) refers to ili9341_stm32_driver.o(i.ILI9341_Set_Address) for ILI9341_Set_Address
    ili9341_gfx.o(i.ILI9341_Draw_Image) refers to stm32f7xx_hal_gpio.o(i.HAL_GPIO_WritePin) for HAL_GPIO_WritePin
    ili9341_gfx.o(i.ILI9341_Draw_Image) refers to stm32f7xx_hal_spi.o(i.HAL_SPI_Transmit) for HAL_SPI_Transmit
    ili9341_gfx.o(i.ILI9341_Draw_Image) refers to spi.o(.bss) for hspi5
    ili9341_gfx.o(i.ILI9341_Draw_Text) refers to ili9341_gfx.o(i.ILI9341_Draw_Char) for ILI9341_Draw_Char
    ili9341_stm32_driver.o(i.ILI9341_Draw_Colour) refers to stm32f7xx_hal_gpio.o(i.HAL_GPIO_WritePin) for HAL_GPIO_WritePin
    ili9341_stm32_driver.o(i.ILI9341_Draw_Colour) refers to stm32f7xx_hal_spi.o(i.HAL_SPI_Transmit) for HAL_SPI_Transmit
    ili9341_stm32_driver.o(i.ILI9341_Draw_Colour) refers to spi.o(.bss) for hspi5
    ili9341_stm32_driver.o(i.ILI9341_Draw_Colour_Burst) refers to stm32f7xx_hal_gpio.o(i.HAL_GPIO_WritePin) for HAL_GPIO_WritePin
    ili9341_stm32_driver.o(i.ILI9341_Draw_Colour_Burst) refers to malloc.o(i.malloc) for malloc
    ili9341_stm32_driver.o(i.ILI9341_Draw_Colour_Burst) refers to stm32f7xx_hal_spi.o(i.HAL_SPI_Transmit) for HAL_SPI_Transmit
    ili9341_stm32_driver.o(i.ILI9341_Draw_Colour_Burst) refers to malloc.o(i.free) for free
    ili9341_stm32_driver.o(i.ILI9341_Draw_Colour_Burst) refers to spi.o(.bss) for hspi5
    ili9341_stm32_driver.o(i.ILI9341_Draw_Horizontal_Line) refers to ili9341_stm32_driver.o(i.ILI9341_Set_Address) for ILI9341_Set_Address
    ili9341_stm32_driver.o(i.ILI9341_Draw_Horizontal_Line) refers to ili9341_stm32_driver.o(i.ILI9341_Draw_Colour_Burst) for ILI9341_Draw_Colour_Burst
    ili9341_stm32_driver.o(i.ILI9341_Draw_Horizontal_Line) refers to ili9341_stm32_driver.o(.data) for LCD_WIDTH
    ili9341_stm32_driver.o(i.ILI9341_Draw_Pixel) refers to stm32f7xx_hal_gpio.o(i.HAL_GPIO_WritePin) for HAL_GPIO_WritePin
    ili9341_stm32_driver.o(i.ILI9341_Draw_Pixel) refers to ili9341_stm32_driver.o(i.ILI9341_SPI_Send) for ILI9341_SPI_Send
    ili9341_stm32_driver.o(i.ILI9341_Draw_Pixel) refers to stm32f7xx_hal_spi.o(i.HAL_SPI_Transmit) for HAL_SPI_Transmit
    ili9341_stm32_driver.o(i.ILI9341_Draw_Pixel) refers to ili9341_stm32_driver.o(.data) for LCD_WIDTH
    ili9341_stm32_driver.o(i.ILI9341_Draw_Pixel) refers to spi.o(.bss) for hspi5
    ili9341_stm32_driver.o(i.ILI9341_Draw_Rectangle) refers to ili9341_stm32_driver.o(i.ILI9341_Set_Address) for ILI9341_Set_Address
    ili9341_stm32_driver.o(i.ILI9341_Draw_Rectangle) refers to ili9341_stm32_driver.o(i.ILI9341_Draw_Colour_Burst) for ILI9341_Draw_Colour_Burst
[...]
    Removing stm32f7xx_hal_uart.o(i.UART_DMATxHalfCplt), (14 bytes).
    Removing stm32f7xx_hal_uart.o(i.UART_EndRxTransfer), (32 bytes).
    Removing stm32f7xx_hal_uart.o(i.UART_EndTransmit_IT), (32 bytes).
    Removing stm32f7xx_hal_uart.o(i.UART_EndTxTransfer), (20 bytes).
    Removing stm32f7xx_hal_uart.o(i.UART_Receive_IT), (136 bytes).
    Removing stm32f7xx_hal_uart.o(i.UART_Transmit_IT), (106 bytes).
    Removing system_stm32f7xx.o(.rev16_text), (4 bytes).
    Removing system_stm32f7xx.o(.revsh_text), (4 bytes).
    Removing system_stm32f7xx.o(.rrx_text), (6 bytes).
    Removing system_stm32f7xx.o(i.SystemCoreClockUpdate), (192 bytes).
    Removing dadd.o(.text), (334 bytes).
    Removing dmul.o(.text), (228 bytes).
    Removing ddiv.o(.text), (222 bytes).
    Removing dfixul.o(.text), (48 bytes).
    Removing cdrcmple.o(.text), (48 bytes).
    Removing depilogue.o(.text), (186 bytes).

556 unused section(s) (total 203704 bytes) removed from the image.

==============================================================================

Image Symbol Table

    Local Symbols

    Symbol Name                              Value     Ov Type        Size  Object(Section)

    ../Drivers/STM32F7xx_HAL_Driver/Src/stm32f7xx_hal.c 0x00000000   Number         0  stm32f7xx_hal.o ABSOLUTE
    ../Drivers/STM32F7xx_HAL_Driver/Src/stm32f7xx_hal_cortex.c 0x00000000   Number         0  stm32f7xx_hal_cortex.o ABSOLUTE
    ../Drivers/STM32F7xx_HAL_Driver/Src/stm32f7xx_hal_dma.c 0x00000000   Number         0  stm32f7xx_hal_dma.o ABSOLUTE
    ../Drivers/STM32F7xx_HAL_Driver/Src/stm32f7xx_hal_dma_ex.c 0x00000000   Number         0  stm32f7xx_hal_dma_ex.o ABSOLUTE
    ../Drivers/STM32F7xx_HAL_Driver/Src/stm32f7xx_hal_flash.c 0x00000000   Number         0  stm32f7xx_hal_flash.o ABSOLUTE
    ../Drivers/STM32F7xx_HAL_Driver/Src/stm32f7xx_hal_flash_ex.c 0x00000000   Number         0  stm32f7xx_hal_flash_ex.o ABSOLUTE
    ../Drivers/STM32F7xx_HAL_Driver/Src/stm32f7xx_hal_gpio.c 0x00000000   Number         0  stm32f7xx_hal_gpio.o ABSOLUTE
    ../Drivers/STM32F7xx_HAL_Driver/Src/stm32f7xx_hal_i2c.c 0x00000000   Number         0  stm32f7xx_hal_i2c.o ABSOLUTE
    ../Drivers/STM32F7xx_HAL_Driver/Src/stm32f7xx_hal_i2c_ex.c 0x00000000   Number         0  stm32f7xx_hal_i2c_ex.o ABSOLUTE
    ../Drivers/STM32F7xx_HAL_Driver/Src/stm32f7xx_hal_pwr.c 0x00000000   Number         0  stm32f7xx_hal_pwr.o ABSOLUTE
    ../Drivers/STM32F7xx_HAL_Driver/Src/stm32f7xx_hal_pwr_ex.c 0x00000000   Number         0  stm32f7xx_hal_pwr_ex.o ABSOLUTE
    ../Drivers/STM32F7xx_HAL_Driver/Src/stm32f7xx_hal_rcc.c 0x00000000   Number         0  stm32f7xx_hal_rcc.o ABSOLUTE
    ../Drivers/STM32F7xx_HAL_Driver/Src/stm32f7xx_hal_rcc_ex.c 0x00000000   Number         0  stm32f7xx_hal_rcc_ex.o ABSOLUTE
    ../Drivers/STM32F7xx_HAL_Driver/Src/stm32f7xx_hal_rng.c 0x00000000   Number         0  stm32f7xx_hal_rng.o ABSOLUTE
    ../Drivers/STM32F7xx_HAL_Driver/Src/stm32f7xx_hal_spi.c 0x00000000   Number         0  stm32f7xx_hal_spi.o ABSOLUTE
    ../Drivers/STM32F7xx_HAL_Driver/Src/stm32f7xx_hal_tim.c 0x00000000   Number         0  stm32f7xx_hal_tim.o ABSOLUTE
    ../Drivers/STM32F7xx_HAL_Driver/Src/stm32f7xx_hal_tim_ex.c 0x00000000   Number         0  stm32f7xx_hal_tim_ex.o ABSOLUTE
    ../Drivers/STM32F7xx_HAL_Driver/Src/stm32f7xx_hal_uart.c 0x00000000   Number         0  stm32f7xx_hal_uart.o ABSOLUTE
    ../Src/gpio.c                            0x00000000   Number         0  gpio.o ABSOLUTE
    ../Src/i2c.c                             0x00000000   Number         0  i2c.o ABSOLUTE
    ../Src/main.c                            0x00000000   Number         0  main.o ABSOLUTE
    ../Src/rng.c                             0x00000000   Number         0  rng.o ABSOLUTE
    ../Src/spi.c                             0x00000000   Number         0  spi.o ABSOLUTE
    ../Src/stm32f7xx_hal_msp.c               0x00000000   Number         0  stm32f7xx_hal_msp.o ABSOLUTE
    ../Src/stm32f7xx_it.c                    0x00000000   Number         0  stm32f7xx_it.o ABSOLUTE
    ../Src/sys.c                             0x00000000   Number         0  sys.o ABSOLUTE
    ../Src/system_stm32f7xx.c                0x00000000   Number         0  system_stm32f7xx.o ABSOLUTE
    ../Src/tim.c                             0x00000000   Number         0  tim.o ABSOLUTE
    ../Src/usart.c                           0x00000000   Number         0  usart.o ABSOLUTE
    ../clib/microlib/division.c              0x00000000   Number         0  uldiv.o ABSOLUTE
    ../clib/microlib/division.c              0x00000000   Number         0  uidiv.o ABSOLUTE
    ../clib/microlib/init/entry.s            0x00000000   Number         0  entry10a.o ABSOLUTE
    ../clib/microlib/init/entry.s            0x00000000   Number         0  entry.o ABSOLUTE
    ../clib/microlib/init/entry.s            0x00000000   Number         0  entry9a.o ABSOLUTE
    ../clib/microlib/init/entry.s            0x00000000   Number         0  entry11a.o ABSOLUTE
    ../clib/microlib/init/entry.s            0x00000000   Number         0  entry10b.o ABSOLUTE
    ../clib/microlib/init/entry.s            0x00000000   Number         0  entry9b.o ABSOLUTE
    ../clib/microlib/init/entry.s            0x00000000   Number         0  entry8b.o ABSOLUTE
    ../clib/microlib/init/entry.s            0x00000000   Number         0  entry11b.o ABSOLUTE
    ../clib/microlib/init/entry.s            0x00000000   Number         0  entry7b.o ABSOLUTE
    ../clib/microlib/init/entry.s            0x00000000   Number         0  entry7a.o ABSOLUTE
    ../clib/microlib/init/entry.s            0x00000000   Number         0  entry5.o ABSOLUTE
    ../clib/microlib/init/entry.s            0x00000000   Number         0  entry2.o ABSOLUTE
    ../clib/microlib/init/entry.s            0x00000000   Number         0  entry8a.o ABSOLUTE
    ../clib/microlib/longlong.c              0x00000000   Number         0  llsshr.o ABSOLUTE
    ../clib/microlib/longlong.c              0x00000000   Number         0  llshl.o ABSOLUTE
    ../clib/microlib/longlong.c              0x00000000   Number         0  llushr.o ABSOLUTE
    ../clib/microlib/malloc/malloc.c         0x00000000   Number         0  mallocra.o ABSOLUTE
    ../clib/microlib/malloc/malloc.c         0x00000000   Number         0  malloc.o ABSOLUTE
    ../clib/microlib/malloc/malloc.c         0x00000000   Number         0  mallocr.o ABSOLUTE
    ../clib/microlib/malloc/malloc.c         0x00000000   Number         0  malloca.o ABSOLUTE
    ../clib/microlib/malloc/mvars.c          0x00000000   Number         0  mvars.o ABSOLUTE
    ../clib/microlib/printf/printf.c         0x00000000   Number         0  printf7.o ABSOLUTE
    ../clib/microlib/printf/printf.c         0x00000000   Number         0  printf6.o ABSOLUTE
    ../clib/microlib/printf/printf.c         0x00000000   Number         0  printf5.o ABSOLUTE
    ../clib/microlib/printf/printf.c         0x00000000   Number         0  printf4.o ABSOLUTE
    ../clib/microlib/printf/printf.c         0x00000000   Number         0  printf3.o ABSOLUTE
    ../clib/microlib/printf/printf.c         0x00000000   Number         0  printf2.o ABSOLUTE
    ../clib/microlib/printf/printf.c         0x00000000   Number         0  printf0.o ABSOLUTE
    ../clib/microlib/printf/printf.c         0x00000000   Number         0  printfb.o ABSOLUTE
    ../clib/microlib/printf/printf.c         0x00000000   Number         0  printf1.o ABSOLUTE
    ../clib/microlib/printf/printf.c         0x00000000   Number         0  printfa.o ABSOLUTE
    ../clib/microlib/printf/printf.c         0x00000000   Number         0  printf8.o ABSOLUTE
    ../clib/microlib/printf/stubs.s          0x00000000   Number         0  stubs.o ABSOLUTE
    ../clib/microlib/stdio/fputc.c           0x00000000   Number         0  fputc.o ABSOLUTE
    ../clib/microlib/stdio/semi.s            0x00000000   Number         0  semi.o ABSOLUTE
    ../clib/microlib/stdio/streams.c         0x00000000   Number         0  stdout.o ABSOLUTE
    ../clib/microlib/string/memcpy.c         0x00000000   Number         0  memcpya.o ABSOLUTE
    ../clib/microlib/string/memcpy.c         0x00000000   Number         0  memcpyb.o ABSOLUTE
    ../clib/microlib/stubs.s                 0x00000000   Number         0  iusefp.o ABSOLUTE
    ../clib/microlib/stubs.s                 0x00000000   Number         0  iusesemip.o ABSOLUTE
    ../fplib/microlib/fpadd.c                0x00000000   Number         0  dadd.o ABSOLUTE
    ../fplib/microlib/fpdiv.c                0x00000000   Number         0  ddiv.o ABSOLUTE
    ../fplib/microlib/fpepilogue.c           0x00000000   Number         0  depilogue.o ABSOLUTE
    ../fplib/microlib/fpfix.c                0x00000000   Number         0  dfixul.o ABSOLUTE
    ../fplib/microlib/fpmul.c                0x00000000   Number         0  dmul.o ABSOLUTE
    ..\Drivers\STM32F7xx_HAL_Driver\Src\stm32f7xx_hal.c 0x00000000   Number         0  stm32f7xx_hal.o ABSOLUTE
    ..\Drivers\STM32F7xx_HAL_Driver\Src\stm32f7xx_hal_cortex.c 0x00000000   Number         0  stm32f7xx_hal_cortex.o ABSOLUTE
    ..\Drivers\STM32F7xx_HAL_Driver\Src\stm32f7xx_hal_dma.c 0x00000000   Number         0  stm32f7xx_hal_dma.o ABSOLUTE
    ..\Drivers\STM32F7xx_HAL_Driver\Src\stm32f7xx_hal_dma_ex.c 0x00000000   Number         0  stm32f7xx_hal_dma_ex.o ABSOLUTE
    ..\Drivers\STM32F7xx_HAL_Driver\Src\stm32f7xx_hal_flash.c 0x00000000   Number         0  stm32f7xx_hal_flash.o ABSOLUTE
    ..\Drivers\STM32F7xx_HAL_Driver\Src\stm32f7xx_hal_flash_ex.c 0x00000000   Number         0  stm32f7xx_hal_flash_ex.o ABSOLUTE
    ..\Drivers\STM32F7xx_HAL_Driver\Src\stm32f7xx_hal_gpio.c 0x00000000   Number         0  stm32f7xx_hal_gpio.o ABSOLUTE
    ..\Drivers\STM32F7xx_HAL_Driver\Src\stm32f7xx_hal_i2c.c 0x00000000   Number         0  stm32f7xx_hal_i2c.o ABSOLUTE
    ..\Drivers\STM32F7xx_HAL_Driver\Src\stm32f7xx_hal_i2c_ex.c 0x00000000   Number         0  stm32f7xx_hal_i2c_ex.o ABSOLUTE
    ..\Drivers\STM32F7xx_HAL_Driver\Src\stm32f7xx_hal_pwr.c 0x00000000   Number         0  stm32f7xx_hal_pwr.o ABSOLUTE
    ..\Drivers\STM32F7xx_HAL_Driver\Src\stm32f7xx_hal_pwr_ex.c 0x00000000   Number         0  stm32f7xx_hal_pwr_ex.o ABSOLUTE
    ..\Drivers\STM32F7xx_HAL_Driver\Src\stm32f7xx_hal_rcc.c 0x00000000   Number         0  stm32f7xx_hal_rcc.o ABSOLUTE
    ..\Drivers\STM32F7xx_HAL_Driver\Src\stm32f7xx_hal_rcc_ex.c 0x00000000   Number         0  stm32f7xx_hal_rcc_ex.o ABSOLUTE
    ..\Drivers\STM32F7xx_HAL_Driver\Src\stm32f7xx_hal_rng.c 0x00000000   Number         0  stm32f7xx_hal_rng.o ABSOLUTE
    ..\Drivers\STM32F7xx_HAL_Driver\Src\stm32f7xx_hal_spi.c 0x00000000   Number         0  stm32f7xx_hal_spi.o ABSOLUTE
    ..\Drivers\STM32F7xx_HAL_Driver\Src\stm32f7xx_hal_tim.c 0x00000000   Number         0  stm32f7xx_hal_tim.o ABSOLUTE
    ..\Drivers\STM32F7xx_HAL_Driver\Src\stm32f7xx_hal_tim_ex.c 0x00000000   Number         0  stm32f7xx_hal_tim_ex.o ABSOLUTE
    ..\Drivers\STM32F7xx_HAL_Driver\Src\stm32f7xx_hal_uart.c 0x00000000   Number         0  stm32f7xx_hal_uart.o ABSOLUTE
    ..\ILI9341\ILI9341_GFX.c                 0x00000000   Number         0  ili9341_gfx.o ABSOLUTE
    ..\ILI9341\ILI9341_STM32_Driver.c        0x00000000   Number         0  ili9341_stm32_driver.o ABSOLUTE
    ..\ILI9341\ILI9341_Touchscreen.c         0x00000000   Number         0  ili9341_touchscreen.o ABSOLUTE
    ..\Src\gpio.c                            0x00000000   Number         0  gpio.o ABSOLUTE
    ..\Src\i2c.c                             0x00000000   Number         0  i2c.o ABSOLUTE
    ..\Src\main.c                            0x00000000   Number         0  main.o ABSOLUTE
    ..\Src\rng.c                             0x00000000   Number         0  rng.o ABSOLUTE
    ..\Src\spi.c                             0x00000000   Number         0  spi.o ABSOLUTE
    ..\Src\stm32f7xx_hal_msp.c               0x00000000   Number         0  stm32f7xx_hal_msp.o ABSOLUTE
    ..\Src\stm32f7xx_it.c                    0x00000000   Number         0  stm32f7xx_it.o ABSOLUTE
    ..\Src\sys.c                             0x00000000   Number         0  sys.o ABSOLUTE
    ..\Src\system_stm32f7xx.c                0x00000000   Number         0  system_stm32f7xx.o ABSOLUTE
    ..\Src\tim.c                             0x00000000   Number         0  tim.o ABSOLUTE
    ..\Src\usart.c                           0x00000000   Number         0  usart.o ABSOLUTE
    ..\\ILI9341\\ILI9341_GFX.c               0x00000000   Number         0  ili9341_gfx.o ABSOLUTE
    ..\\ILI9341\\ILI9341_STM32_Driver.c      0x00000000   Number         0  ili9341_stm32_driver.o ABSOLUTE
    ..\\ILI9341\\ILI9341_Touchscreen.c       0x00000000   Number         0  ili9341_touchscreen.o ABSOLUTE
    cdrcmple.s                               0x00000000   Number         0  cdrcmple.o ABSOLUTE
    dc.s                                     0x00000000   Number         0  dc.o ABSOLUTE
    handlers.s                               0x00000000   Number         0  handlers.o ABSOLUTE
    init.s                                   0x00000000   Number         0  init.o ABSOLUTE
    startup_stm32f767xx.s                    0x00000000   Number         0  startup_stm32f767xx.o ABSOLUTE
    RESET                                    0x08000000   Section      504  startup_stm32f767xx.o(RESET)
    .ARM.Collect$$$$00000000                 0x080001f8   Section        0  entry.o(.ARM.Collect$$$$00000000)
    .ARM.Collect$$$$00000001                 0x080001f8   Section        4  entry2.o(.ARM.Collect$$$$00000001)
    .ARM.Collect$$$$00000004                 0x080001fc   Section        4  entry5.o(.ARM.Collect$$$$00000004)
    .ARM.Collect$$$$00000008                 0x08000200   Section        0  entry7b.o(.ARM.Collect$$$$00000008)
    .ARM.Collect$$$$0000000A                 0x08000200   Section        0  entry8b.o(.ARM.Collect$$$$0000000A)
    .ARM.Collect$$$$0000000B                 0x08000200   Section        8  entry9a.o(.ARM.Collect$$$$0000000B)
    .ARM.Collect$$$$0000000D                 0x08000208   Section        0  entry10a.o(.ARM.Collect$$$$0000000D)
    .ARM.Collect$$$$0000000F                 0x08000208   Section        0  entry11a.o(.ARM.Collect$$$$0000000F)
    .ARM.Collect$$$$00002712                 0x08000208   Section        4  entry2.o(.ARM.Collect$$$$00002712)
    __lit__00000000                          0x08000208   Data           4  entry2.o(.ARM.Collect$$$$00002712)
    .text                                    0x0800020c   Section       36  startup_stm32f767xx.o(.text)
    $v0                                      0x0800020c   Number         0  startup_stm32f767xx.o(.text)
    .text                                    0x08000230   Section        0  uldiv.o(.text)
    .text                                    0x08000292   Section        0  uidiv.o(.text)
    .text                                    0x080002be   Section        0  llshl.o(.text)
    .text                                    0x080002dc   Section        0  llushr.o(.text)
    .text                                    0x080002fc   Section       36  init.o(.text)
    i.Buzzer                                 0x08000320   Section        0  main.o(i.Buzzer)
    i.CheckClear                             0x080003a8   Section        0  main.o(i.CheckClear)
    i.CheckDoor                              0x08000430   Section        0  main.o(i.CheckDoor)
    i.DisplayTimer                           0x08000560   Section        0  main.o(i.DisplayTimer)
    i.EXTI0_IRQHandler                       0x08000768   Section        0  stm32f7xx_it.o(i.EXTI0_IRQHandler)
    i.EXTI1_IRQHandler                       0x080007b4   Section        0  stm32f7xx_it.o(i.EXTI1_IRQHandler)
    i.EXTI9_5_IRQHandler                     0x080007be   Section        0  stm32f7xx_it.o(i.EXTI9_5_IRQHandler)
    i.HAL_Delay                              0x080007c8   Section        0  stm32f7xx_hal.o(i.HAL_Delay)
    i.HAL_GPIO_EXTI_Callback                 0x080007f0   Section        0  main.o(i.HAL_GPIO_EXTI_Callback)
    i.HAL_GPIO_EXTI_IRQHandler               0x080007fc   Section        0  stm32f7xx_hal_gpio.o(i.HAL_GPIO_EXTI_IRQHandler)
    i.HAL_GPIO_Init                          0x08000818   Section        0  stm32f7xx_hal_gpio.o(i.HAL_GPIO_Init)
    i.HAL_GPIO_ReadPin                       0x08000a30   Section        0  stm32f7xx_hal_gpio.o(i.HAL_GPIO_ReadPin)
    i.HAL_GPIO_WritePin                      0x08000a40   Section        0  stm32f7xx_hal_gpio.o(i.HAL_GPIO_WritePin)
    i.HAL_GetTick                            0x08000a4c   Section        0  stm32f7xx_hal.o(i.HAL_GetTick)
    i.HAL_I2CEx_ConfigAnalogFilter           0x08000a58   Section        0  stm32f7xx_hal_i2c_ex.o(i.HAL_I2CEx_ConfigAnalogFilter)
    i.HAL_I2CEx_ConfigDigitalFilter          0x08000ac2   Section        0  stm32f7xx_hal_i2c_ex.o(i.HAL_I2CEx_ConfigDigitalFilter)
    i.HAL_I2C_Init                           0x08000b2c   Section        0  stm32f7xx_hal_i2c.o(i.HAL_I2C_Init)
    i.HAL_I2C_Mem_Read                       0x08000bf0   Section        0  stm32f7xx_hal_i2c.o(i.HAL_I2C_Mem_Read)
    i.HAL_I2C_Mem_Write                      0x08000dac   Section        0  stm32f7xx_hal_i2c.o(i.HAL_I2C_Mem_Write)
    i.HAL_I2C_MspInit                        0x08000f64   Section        0  i2c.o(i.HAL_I2C_MspInit)
    i.HAL_IncTick                            0x08000fbc   Section        0  stm32f7xx_hal.o(i.HAL_IncTick)
    i.HAL_Init                               0x08000fd4   Section        0  stm32f7xx_hal.o(i.HAL_Init)
    i.HAL_InitTick                           0x08001004   Section        0  stm32f7xx_hal.o(i.HAL_InitTick)
    i.HAL_MspInit                            0x08001050   Section        0  stm32f7xx_hal_msp.o(i.HAL_MspInit)
    i.HAL_NVIC_EnableIRQ                     0x080010e4   Section        0  stm32f7xx_hal_cortex.o(i.HAL_NVIC_EnableIRQ)
    i.HAL_NVIC_SetPriority                   0x080010fe   Section        0  stm32f7xx_hal_cortex.o(i.HAL_NVIC_SetPriority)
    i.HAL_NVIC_SetPriorityGrouping           0x0800117c   Section        0  stm32f7xx_hal_cortex.o(i.HAL_NVIC_SetPriorityGrouping)
    i.HAL_PWREx_EnableOverDrive              0x080011a4   Section        0  stm32f7xx_hal_pwr_ex.o(i.HAL_PWREx_EnableOverDrive)
    i.HAL_RCCEx_PeriphCLKConfig              0x08001234   Section        0  stm32f7xx_hal_rcc_ex.o(i.HAL_RCCEx_PeriphCLKConfig)
    i.HAL_RCC_ClockConfig                    0x0800198c   Section        0  stm32f7xx_hal_rcc.o(i.HAL_RCC_ClockConfig)
    i.HAL_RCC_GetHCLKFreq                    0x08001b1c   Section        0  stm32f7xx_hal_rcc.o(i.HAL_RCC_GetHCLKFreq)
    i.HAL_RCC_GetPCLK1Freq                   0x08001b28   Section        0  stm32f7xx_hal_rcc.o(i.HAL_RCC_GetPCLK1Freq)
    i.HAL_RCC_GetPCLK2Freq                   0x08001b48   Section        0  stm32f7xx_hal_rcc.o(i.HAL_RCC_GetPCLK2Freq)
    i.HAL_RCC_GetSysClockFreq                0x08001b68   Section        0  stm32f7xx_hal_rcc.o(i.HAL_RCC_GetSysClockFreq)
    i.HAL_RCC_OscConfig                      0x08001c18   Section        0  stm32f7xx_hal_rcc.o(i.HAL_RCC_OscConfig)
    i.HAL_RNG_Init                           0x080020d0   Section        0  stm32f7xx_hal_rng.o(i.HAL_RNG_Init)
    i.HAL_RNG_MspInit                        0x08002100   Section        0  rng.o(i.HAL_RNG_MspInit)
    i.HAL_SPI_Init                           0x08002130   Section        0  stm32f7xx_hal_spi.o(i.HAL_SPI_Init)
    i.HAL_SPI_MspInit                        0x080021fc   Section        0  spi.o(i.HAL_SPI_MspInit)
    i.HAL_SPI_Transmit                       0x08002254   Section        0  stm32f7xx_hal_spi.o(i.HAL_SPI_Transmit)
    i.HAL_SYSTICK_CLKSourceConfig            0x080023c6   Section        0  stm32f7xx_hal_cortex.o(i.HAL_SYSTICK_CLKSourceConfig)
    i.HAL_SYSTICK_Callback                   0x080023ee   Section        0  stm32f7xx_hal_cortex.o(i.HAL_SYSTICK_Callback)
    i.HAL_SYSTICK_Config                     0x080023f0   Section        0  stm32f7xx_hal_cortex.o(i.HAL_SYSTICK_Config)
    i.HAL_SYSTICK_IRQHandler                 0x08002424   Section        0  stm32f7xx_hal_cortex.o(i.HAL_SYSTICK_IRQHandler)
    i.HAL_TIMEx_BreakCallback                0x0800242c   Section        0  stm32f7xx_hal_tim_ex.o(i.HAL_TIMEx_BreakCallback)
    i.HAL_TIMEx_CommutationCallback          0x0800242e   Section        0  stm32f7xx_hal_tim_ex.o(i.HAL_TIMEx_CommutationCallback)
    i.HAL_TIMEx_MasterConfigSynchronization  0x08002430   Section        0  stm32f7xx_hal_tim_ex.o(i.HAL_TIMEx_MasterConfigSynchronization)
    i.HAL_TIM_Base_Init                      0x0800249c   Section        0  stm32f7xx_hal_tim.o(i.HAL_TIM_Base_Init)
    i.HAL_TIM_Base_MspInit                   0x080024d0   Section        0  tim.o(i.HAL_TIM_Base_MspInit)
    i.HAL_TIM_Base_Start_IT                  0x0800253c   Section        0  stm32f7xx_hal_tim.o(i.HAL_TIM_Base_Start_IT)
    i.HAL_TIM_ConfigClockSource              0x0800255c   Section        0  stm32f7xx_hal_tim.o(i.HAL_TIM_ConfigClockSource)
    i.HAL_TIM_IC_CaptureCallback             0x08002694   Section        0  stm32f7xx_hal_tim.o(i.HAL_TIM_IC_CaptureCallback)
    i.HAL_TIM_IRQHandler                     0x08002696   Section        0  stm32f7xx_hal_tim.o(i.HAL_TIM_IRQHandler)
    i.HAL_TIM_OC_DelayElapsedCallback        0x0800284e   Section        0  stm32f7xx_hal_tim.o(i.HAL_TIM_OC_DelayElapsedCallback)
    i.HAL_TIM_PWM_PulseFinishedCallback      0x08002850   Section        0  stm32f7xx_hal_tim.o(i.HAL_TIM_PWM_PulseFinishedCallback)
    i.HAL_TIM_PeriodElapsedCallback          0x08002852   Section        0  stm32f7xx_hal_tim.o(i.HAL_TIM_PeriodElapsedCallback)
    i.HAL_TIM_TriggerCallback                0x08002854   Section        0  stm32f7xx_hal_tim.o(i.HAL_TIM_TriggerCallback)
    i.HAL_UART_Init                          0x08002856   Section        0  stm32f7xx_hal_uart.o(i.HAL_UART_Init)
    i.HAL_UART_MspInit                       0x080028d0   Section        0  usart.o(i.HAL_UART_MspInit)
    i.I2C_Flush_TXDR                         0x08002928   Section        0  stm32f7xx_hal_i2c.o(i.I2C_Flush_TXDR)
    I2C_Flush_TXDR                           0x08002929   Thumb Code    40  stm32f7xx_hal_i2c.o(i.I2C_Flush_TXDR)
    i.I2C_IsAcknowledgeFailed                0x08002950   Section        0  stm32f7xx_hal_i2c.o(i.I2C_IsAcknowledgeFailed)
    I2C_IsAcknowledgeFailed                  0x08002951   Thumb Code   136  stm32f7xx_hal_i2c.o(i.I2C_IsAcknowledgeFailed)
    i.I2C_RequestMemoryRead                  0x080029dc   Section        0  stm32f7xx_hal_i2c.o(i.I2C_RequestMemoryRead)
    I2C_RequestMemoryRead                    0x080029dd   Thumb Code   138  stm32f7xx_hal_i2c.o(i.I2C_RequestMemoryRead)
    i.I2C_RequestMemoryWrite                 0x08002a6c   Section        0  stm32f7xx_hal_i2c.o(i.I2C_RequestMemoryWrite)
    I2C_RequestMemoryWrite                   0x08002a6d   Thumb Code   138  stm32f7xx_hal_i2c.o(i.I2C_RequestMemoryWrite)
    i.I2C_TransferConfig                     0x08002afc   Section        0  stm32f7xx_hal_i2c.o(i.I2C_TransferConfig)
    I2C_TransferConfig                       0x08002afd   Thumb Code    52  stm32f7xx_hal_i2c.o(i.I2C_TransferConfig)
    i.I2C_WaitOnFlagUntilTimeout             0x08002b30   Section        0  stm32f7xx_hal_i2c.o(i.I2C_WaitOnFlagUntilTimeout)
    I2C_WaitOnFlagUntilTimeout               0x08002b31   Thumb Code    86  stm32f7xx_hal_i2c.o(i.I2C_WaitOnFlagUntilTimeout)
    i.I2C_WaitOnSTOPFlagUntilTimeout         0x08002b86   Section        0  stm32f7xx_hal_i2c.o(i.I2C_WaitOnSTOPFlagUntilTimeout)
    I2C_WaitOnSTOPFlagUntilTimeout           0x08002b87   Thumb Code    86  stm32f7xx_hal_i2c.o(i.I2C_WaitOnSTOPFlagUntilTimeout)
    i.I2C_WaitOnTXISFlagUntilTimeout         0x08002bdc   Section        0  stm32f7xx_hal_i2c.o(i.I2C_WaitOnTXISFlagUntilTimeout)
    I2C_WaitOnTXISFlagUntilTimeout           0x08002bdd   Thumb Code    90  stm32f7xx_hal_i2c.o(i.I2C_WaitOnTXISFlagUntilTimeout)
    i.ILI9341_Draw_Char                      0x08002c38   Section        0  ili9341_gfx.o(i.ILI9341_Draw_Char)
    i.ILI9341_Draw_Colour_Burst              0x08002ce8   Section        0  ili9341_stm32_driver.o(i.ILI9341_Draw_Colour_Burst)
    i.ILI9341_Draw_Hollow_Rectangle_Coord    0x08002d98   Section        0  ili9341_gfx.o(i.ILI9341_Draw_Hollow_Rectangle_Coord)
    i.ILI9341_Draw_Horizontal_Line           0x08002e7c   Section        0  ili9341_stm32_driver.o(i.ILI9341_Draw_Horizontal_Line)
    i.ILI9341_Draw_Pixel                     0x08002ed4   Section        0  ili9341_stm32_driver.o(i.ILI9341_Draw_Pixel)
    i.ILI9341_Draw_Rectangle                 0x08003044   Section        0  ili9341_stm32_driver.o(i.ILI9341_Draw_Rectangle)
    i.ILI9341_Draw_Text                      0x080030bc   Section        0  ili9341_gfx.o(i.ILI9341_Draw_Text)
    i.ILI9341_Draw_Vertical_Line             0x080030f4   Section        0  ili9341_stm32_driver.o(i.ILI9341_Draw_Vertical_Line)
    i.ILI9341_Enable                         0x0800314c   Section        0  ili9341_stm32_driver.o(i.ILI9341_Enable)
    i.ILI9341_Fill_Screen                    0x08003160   Section        0  ili9341_stm32_driver.o(i.ILI9341_Fill_Screen)
    i.ILI9341_Init                           0x08003190   Section        0  ili9341_stm32_driver.o(i.ILI9341_Init)
    i.ILI9341_Reset                          0x080033a8   Section        0  ili9341_stm32_driver.o(i.ILI9341_Reset)
    i.ILI9341_SPI_Init                       0x080033dc   Section        0  ili9341_stm32_driver.o(i.ILI9341_SPI_Init)
    i.ILI9341_SPI_Send                       0x080033f8   Section        0  ili9341_stm32_driver.o(i.ILI9341_SPI_Send)
    i.ILI9341_Set_Address                    0x0800340c   Section        0  ili9341_stm32_driver.o(i.ILI9341_Set_Address)
    i.ILI9341_Set_Rotation                   0x08003460   Section        0  ili9341_stm32_driver.o(i.ILI9341_Set_Rotation)
    i.ILI9341_Write_Command                  0x080034e8   Section        0  ili9341_stm32_driver.o(i.ILI9341_Write_Command)
    i.ILI9341_Write_Data                     0x0800351c   Section        0  ili9341_stm32_driver.o(i.ILI9341_Write_Data)
    i.MX_GPIO_Init                           0x0800354c   Section        0  gpio.o(i.MX_GPIO_Init)
    i.MX_I2C1_Init                           0x08003784   Section        0  i2c.o(i.MX_I2C1_Init)
    i.MX_RNG_Init                            0x080037f8   Section        0  rng.o(i.MX_RNG_Init)
    i.MX_SPI5_Init                           0x0800382c   Section        0  spi.o(i.MX_SPI5_Init)
    i.MX_TIM1_Init                           0x08003890   Section        0  tim.o(i.MX_TIM1_Init)
    i.MX_TIM8_Init                           0x08003910   Section        0  tim.o(i.MX_TIM8_Init)
    i.MX_USART3_UART_Init                    0x08003990   Section        0  usart.o(i.MX_USART3_UART_Init)
    i.Menu                                   0x080039e4   Section        0  main.o(i.Menu)
    i.NVIC_GetPriorityGrouping               0x08003dac   Section        0  stm32f7xx_hal_cortex.o(i.NVIC_GetPriorityGrouping)
    NVIC_GetPriorityGrouping                 0x08003dad   Thumb Code    10  stm32f7xx_hal_cortex.o(i.NVIC_GetPriorityGrouping)
    i.NVIC_SetPriority                       0x08003dbc   Section        0  stm32f7xx_hal_cortex.o(i.NVIC_SetPriority)
    NVIC_SetPriority                         0x08003dbd   Thumb Code    32  stm32f7xx_hal_cortex.o(i.NVIC_SetPriority)
    i.Read_Data                              0x08003de4   Section        0  main.o(i.Read_Data)
    i.SCB_EnableDCache                       0x08003e8c   Section        0  main.o(i.SCB_EnableDCache)
    SCB_EnableDCache                         0x08003e8d   Thumb Code   148  main.o(i.SCB_EnableDCache)
    i.SPI_EndRxTxTransaction                 0x08003f28   Section        0  stm32f7xx_hal_spi.o(i.SPI_EndRxTxTransaction)
    SPI_EndRxTxTransaction                   0x08003f29   Thumb Code   100  stm32f7xx_hal_spi.o(i.SPI_EndRxTxTransaction)
    i.SPI_WaitFifoStateUntilTimeout          0x08003f8c   Section        0  stm32f7xx_hal_spi.o(i.SPI_WaitFifoStateUntilTimeout)
    SPI_WaitFifoStateUntilTimeout            0x08003f8d   Thumb Code   178  stm32f7xx_hal_spi.o(i.SPI_WaitFifoStateUntilTimeout)
    i.SPI_WaitFlagStateUntilTimeout          0x0800403e   Section        0  stm32f7xx_hal_spi.o(i.SPI_WaitFlagStateUntilTimeout)
    SPI_WaitFlagStateUntilTimeout            0x0800403f   Thumb Code   160  stm32f7xx_hal_spi.o(i.SPI_WaitFlagStateUntilTimeout)
    i.SysTick_Handler                        0x080040de   Section        0  stm32f7xx_it.o(i.SysTick_Handler)
    i.SystemClock_Config                     0x080040ec   Section        0  main.o(i.SystemClock_Config)
    i.SystemInit                             0x080041f8   Section        0  system_stm32f7xx.o(i.SystemInit)
    i.TIM8_UP_TIM13_IRQHandler               0x0800425c   Section        0  stm32f7xx_it.o(i.TIM8_UP_TIM13_IRQHandler)
    i.TIM_Base_SetConfig                     0x080042b8   Section        0  stm32f7xx_hal_tim.o(i.TIM_Base_SetConfig)
    i.TIM_ETR_SetConfig                      0x080043a8   Section        0  stm32f7xx_hal_tim.o(i.TIM_ETR_SetConfig)
    i.TIM_ITRx_SetConfig                     0x080043c0   Section        0  stm32f7xx_hal_tim.o(i.TIM_ITRx_SetConfig)
    TIM_ITRx_SetConfig                       0x080043c1   Thumb Code    20  stm32f7xx_hal_tim.o(i.TIM_ITRx_SetConfig)
    i.TIM_TI1_ConfigInputStage               0x080043d4   Section        0  stm32f7xx_hal_tim.o(i.TIM_TI1_ConfigInputStage)
    TIM_TI1_ConfigInputStage                 0x080043d5   Thumb Code    42  stm32f7xx_hal_tim.o(i.TIM_TI1_ConfigInputStage)
    i.TIM_TI2_ConfigInputStage               0x080043fe   Section        0  stm32f7xx_hal_tim.o(i.TIM_TI2_ConfigInputStage)
    TIM_TI2_ConfigInputStage                 0x080043ff   Thumb Code    44  stm32f7xx_hal_tim.o(i.TIM_TI2_ConfigInputStage)
    i.TP_Read                                0x0800442c   Section        0  ili9341_touchscreen.o(i.TP_Read)
    i.TP_Read_Coordinates                    0x08004470   Section        0  ili9341_touchscreen.o(i.TP_Read_Coordinates)
    i.TP_Touchpad_Pressed                    0x08004584   Section        0  ili9341_touchscreen.o(i.TP_Touchpad_Pressed)
    i.TP_Write                               0x0800459c   Section        0  ili9341_touchscreen.o(i.TP_Write)
    i.TouchTimer                             0x080045f0   Section        0  main.o(i.TouchTimer)
    i.UART_AdvFeatureConfig                  0x08004774   Section        0  stm32f7xx_hal_uart.o(i.UART_AdvFeatureConfig)
    i.UART_CheckIdleState                    0x0800485e   Section        0  stm32f7xx_hal_uart.o(i.UART_CheckIdleState)
    i.UART_SetConfig                         0x080048ac   Section        0  stm32f7xx_hal_uart.o(i.UART_SetConfig)
    i.UART_WaitOnFlagUntilTimeout            0x08004c38   Section        0  stm32f7xx_hal_uart.o(i.UART_WaitOnFlagUntilTimeout)
    i.Write_Data                             0x08004ca4   Section        0  main.o(i.Write_Data)
    i._Error_Handler                         0x08004d38   Section        0  main.o(i._Error_Handler)
    i.__0sprintf$6                           0x08004d3c   Section        0  printf6.o(i.__0sprintf$6)
    i.__scatterload_copy                     0x08004d64   Section       14  handlers.o(i.__scatterload_copy)
    i.__scatterload_null                     0x08004d72   Section        2  handlers.o(i.__scatterload_null)
    i.__scatterload_zeroinit                 0x08004d74   Section       14  handlers.o(i.__scatterload_zeroinit)
    i._printf_core                           0x08004d84   Section        0  printf6.o(i._printf_core)
    _printf_core                             0x08004d85   Thumb Code   748  printf6.o(i._printf_core)
    i._printf_post_padding                   0x08005074   Section        0  printf6.o(i._printf_post_padding)
    _printf_post_padding                     0x08005075   Thumb Code    36  printf6.o(i._printf_post_padding)
    i._printf_pre_padding                    0x08005098   Section        0  printf6.o(i._printf_pre_padding)
    _printf_pre_padding                      0x08005099   Thumb Code    46  printf6.o(i._printf_pre_padding)
    i._sputc                                 0x080050c6   Section        0  printf6.o(i._sputc)
    _sputc                                   0x080050c7   Thumb Code    10  printf6.o(i._sputc)
    i.free                                   0x080050d0   Section        0  malloc.o(i.free)
    i.main                                   0x08005120   Section        0  main.o(i.main)
    i.malloc                                 0x080052dc   Section        0  malloc.o(i.malloc)
    .constdata                               0x08005348   Section      576  ili9341_gfx.o(.constdata)
    font                                     0x08005348   Data         576  ili9341_gfx.o(.constdata)
    .constdata                               0x08005588   Section       24  system_stm32f7xx.o(.constdata)
    .data                                    0x20000000   Section        4  ili9341_stm32_driver.o(.data)
    .data                                    0x20000004   Section       64  main.o(.data)
    .data                                    0x20000044   Section        9  stm32f7xx_hal.o(.data)
    .data                                    0x20000050   Section        4  system_stm32f7xx.o(.data)
    .data                                    0x20000054   Section        4  mvars.o(.data)
    .data                                    0x20000058   Section        4  mvars.o(.data)
    .bss                                     0x2000005c   Section       40  main.o(.bss)
    .bss                                     0x20000084   Section       76  i2c.o(.bss)
    .bss                                     0x200000d0   Section       12  rng.o(.bss)
    .bss                                     0x200000dc   Section      100  spi.o(.bss)
    .bss                                     0x20000140   Section      128  tim.o(.bss)
    .bss                                     0x200001c0   Section      112  usart.o(.bss)
    HEAP                                     0x20000230   Section      512  startup_stm32f767xx.o(HEAP)
    STACK                                    0x20000430   Section     1024  startup_stm32f767xx.o(STACK)

    Global Symbols

    Symbol Name                              Value     Ov Type        Size  Object(Section)

    BuildAttributes$$THM_ISAv4$E$P$D$K$B$S$7EM$VFPv5_D16$PE$PLD8$A:L22UL41UL21$X:L11$S22US41US21$IEEE1$IW$USESV6$~STKCKD$USESV7$~SHL$OSPACE$ROPI$EBA8$MICROLIB$REQ8$PRES8$EABIv2 0x00000000   Number         0  anon$$obj.o ABSOLUTE
    __ARM_use_no_argv                        0x00000000   Number         0  main.o ABSOLUTE
    _printf_a                                0x00000000   Number         0  stubs.o ABSOLUTE
    _printf_c                                0x00000000   Number         0  stubs.o ABSOLUTE
    _printf_charcount                        0x00000000   Number         0  stubs.o ABSOLUTE
    _printf_d                                0x00000000   Number         0  stubs.o ABSOLUTE
    _printf_e                                0x00000000   Number         0  stubs.o ABSOLUTE
    _printf_f                                0x00000000   Number         0  stubs.o ABSOLUTE
    _printf_flags                            0x00000000   Number         0  stubs.o ABSOLUTE
    _printf_fp_dec                           0x00000000   Number         0  stubs.o ABSOLUTE
    _printf_fp_hex                           0x00000000   Number         0  stubs.o ABSOLUTE
    _printf_g                                0x00000000   Number         0  stubs.o ABSOLUTE
    _printf_i                                0x00000000   Number         0  stubs.o ABSOLUTE
    _printf_int_dec                          0x00000000   Number         0  stubs.o ABSOLUTE
    _printf_l                                0x00000000   Number         0  stubs.o ABSOLUTE
    _printf_lc                               0x00000000   Number         0  stubs.o ABSOLUTE
    _printf_ll                               0x00000000   Number         0  stubs.o ABSOLUTE
    _printf_lld                              0x00000000   Number         0  stubs.o ABSOLUTE
    _printf_lli                              0x00000000   Number         0  stubs.o ABSOLUTE
    _printf_llo                              0x00000000   Number         0  stubs.o ABSOLUTE
    _printf_llu                              0x00000000   Number         0  stubs.o ABSOLUTE
    _printf_llx                              0x00000000   Number         0  stubs.o ABSOLUTE
    _printf_longlong_dec                     0x00000000   Number         0  stubs.o ABSOLUTE
    _printf_longlong_hex                     0x00000000   Number         0  stubs.o ABSOLUTE
    _printf_longlong_oct                     0x00000000   Number         0  stubs.o ABSOLUTE
    _printf_ls                               0x00000000   Number         0  stubs.o ABSOLUTE
    _printf_mbtowc                           0x00000000   Number         0  stubs.o ABSOLUTE
    _printf_n                                0x00000000   Number         0  stubs.o ABSOLUTE
    _printf_o                                0x00000000   Number         0  stubs.o ABSOLUTE
    _printf_p                                0x00000000   Number         0  stubs.o ABSOLUTE
    _printf_percent                          0x00000000   Number         0  stubs.o ABSOLUTE
    _printf_pre_padding                      0x00000000   Number         0  stubs.o ABSOLUTE
    _printf_return_value                     0x00000000   Number         0  stubs.o ABSOLUTE
    _printf_s                                0x00000000   Number         0  stubs.o ABSOLUTE
    _printf_sizespec                         0x00000000   Number         0  stubs.o ABSOLUTE
    _printf_str                              0x00000000   Number         0  stubs.o ABSOLUTE
    _printf_truncate_signed                  0x00000000   Number         0  stubs.o ABSOLUTE
    _printf_truncate_unsigned                0x00000000   Number         0  stubs.o ABSOLUTE
    _printf_u                                0x00000000   Number         0  stubs.o ABSOLUTE
    _printf_wc                               0x00000000   Number         0  stubs.o ABSOLUTE
    _printf_wctomb                           0x00000000   Number         0  stubs.o ABSOLUTE
    _printf_widthprec                        0x00000000   Number         0  stubs.o ABSOLUTE
    _printf_x                                0x00000000   Number         0  stubs.o ABSOLUTE
    __cpp_initialize__aeabi_                  - Undefined Weak Reference
    __cxa_finalize                            - Undefined Weak Reference
    __decompress                              - Undefined Weak Reference
    _clock_init                               - Undefined Weak Reference
    _microlib_exit                            - Undefined Weak Reference
    __Vectors_Size                           0x000001f8   Number         0  startup_stm32f767xx.o ABSOLUTE
    __Vectors                                0x08000000   Data           4  startup_stm32f767xx.o(RESET)
    __Vectors_End                            0x080001f8   Data           0  startup_stm32f767xx.o(RESET)
    __main                                   0x080001f9   Thumb Code     0  entry.o(.ARM.Collect$$$$00000000)
    _main_stk                                0x080001f9   Thumb Code     0  entry2.o(.ARM.Collect$$$$00000001)
    _main_scatterload                        0x080001fd   Thumb Code     0  entry5.o(.ARM.Collect$$$$00000004)
    __main_after_scatterload                 0x08000201   Thumb Code     0  entry5.o(.ARM.Collect$$$$00000004)
    _main_clock                              0x08000201   Thumb Code     0  entry7b.o(.ARM.Collect$$$$00000008)
    _main_cpp_init                           0x08000201   Thumb Code     0  entry8b.o(.ARM.Collect$$$$0000000A)
    _main_init                               0x08000201   Thumb Code     0  entry9a.o(.ARM.Collect$$$$0000000B)
    __rt_final_cpp                           0x08000209   Thumb Code     0  entry10a.o(.ARM.Collect$$$$0000000D)
    __rt_final_exit                          0x08000209   Thumb Code     0  entry11a.o(.ARM.Collect$$$$0000000F)
    Reset_Handler                            0x0800020d   Thumb Code     8  startup_stm32f767xx.o(.text)
    NMI_Handler                              0x08000215   Thumb Code     2  startup_stm32f767xx.o(.text)
    HardFault_Handler                        0x08000217   Thumb Code     2  startup_stm32f767xx.o(.text)
    MemManage_Handler                        0x08000219   Thumb Code     2  startup_stm32f767xx.o(.text)
    BusFault_Handler                         0x0800021b   Thumb Code     2  startup_stm32f767xx.o(.text)
    UsageFault_Handler                       0x0800021d   Thumb Code     2  startup_stm32f767xx.o(.text)
    SVC_Handler                              0x0800021f   Thumb Code     2  startup_stm32f767xx.o(.text)
    DebugMon_Handler                         0x08000221   Thumb Code     2  startup_stm32f767xx.o(.text)
    PendSV_Handler                           0x08000223   Thumb Code     2  startup_stm32f767xx.o(.text)
    ADC_IRQHandler                           0x08000227   Thumb Code     0  startup_stm32f767xx.o(.text)
    CAN1_RX0_IRQHandler                      0x08000227   Thumb Code     0  startup_stm32f767xx.o(.text)
    CAN1_RX1_IRQHandler                      0x08000227   Thumb Code     0  startup_stm32f767xx.o(.text)
    CAN1_SCE_IRQHandler                      0x08000227   Thumb Code     0  startup_stm32f767xx.o(.text)
    CAN1_TX_IRQHandler                       0x08000227   Thumb Code     0  startup_stm32f767xx.o(.text)
    CAN2_RX0_IRQHandler                      0x08000227   Thumb Code     0  startup_stm32f767xx.o(.text)
    CAN2_RX1_IRQHandler                      0x08000227   Thumb Code     0  startup_stm32f767xx.o(.text)
    CAN2_SCE_IRQHandler                      0x08000227   Thumb Code     0  startup_stm32f767xx.o(.text)
    CAN2_TX_IRQHandler                       0x08000227   Thumb Code     0  startup_stm32f767xx.o(.text)
    CAN3_RX0_IRQHandler                      0x08000227   Thumb Code     0  startup_stm32f767xx.o(.text)
    CAN3_RX1_IRQHandler                      0x08000227   Thumb Code     0  startup_stm32f767xx.o(.text)
    CAN3_SCE_IRQHandler                      0x08000227   Thumb Code     0  startup_stm32f767xx.o(.text)
    CAN3_TX_IRQHandler                       0x08000227   Thumb Code     0  startup_stm32f767xx.o(.text)
    CEC_IRQHandler                           0x08000227   Thumb Code     0  startup_stm32f767xx.o(.text)
    DCMI_IRQHandler                          0x08000227   Thumb Code     0  startup_stm32f767xx.o(.text)
    DFSDM1_FLT0_IRQHandler                   0x08000227   Thumb Code     0  startup_stm32f767xx.o(.text)
    DFSDM1_FLT1_IRQHandler                   0x08000227   Thumb Code     0  startup_stm32f767xx.o(.text)
    DFSDM1_FLT2_IRQHandler                   0x08000227   Thumb Code     0  startup_stm32f767xx.o(.text)
    DFSDM1_FLT3_IRQHandler                   0x08000227   Thumb Code     0  startup_stm32f767xx.o(.text)
    DMA1_Stream0_IRQHandler                  0x08000227   Thumb Code     0  startup_stm32f767xx.o(.text)
    DMA1_Stream1_IRQHandler                  0x08000227   Thumb Code     0  startup_stm32f767xx.o(.text)
    DMA1_Stream2_IRQHandler                  0x08000227   Thumb Code     0  startup_stm32f767xx.o(.text)
    DMA1_Stream3_IRQHandler                  0x08000227   Thumb Code     0  startup_stm32f767xx.o(.text)
    DMA1_Stream4_IRQHandler                  0x08000227   Thumb Code     0  startup_stm32f767xx.o(.text)
    DMA1_Stream5_IRQHandler                  0x08000227   Thumb Code     0  startup_stm32f767xx.o(.text)
    DMA1_Stream6_IRQHandler                  0x08000227   Thumb Code     0  startup_stm32f767xx.o(.text)
    DMA1_Stream7_IRQHandler                  0x08000227   Thumb Code     0  startup_stm32f767xx.o(.text)
    DMA2D_IRQHandler                         0x08000227   Thumb Code     0  startup_stm32f767xx.o(.text)
    DMA2_Stream0_IRQHandler                  0x08000227   Thumb Code     0  startup_stm32f767xx.o(.text)
    DMA2_Stream1_IRQHandler                  0x08000227   Thumb Code     0  startup_stm32f767xx.o(.text)
    DMA2_Stream2_IRQHandler                  0x08000227   Thumb Code     0  startup_stm32f767xx.o(.text)
    DMA2_Stream3_IRQHandler                  0x08000227   Thumb Code     0  startup_stm32f767xx.o(.text)
    DMA2_Stream4_IRQHandler                  0x08000227   Thumb Code     0  startup_stm32f767xx.o(.text)
    DMA2_Stream5_IRQHandler                  0x08000227   Thumb Code     0  startup_stm32f767xx.o(.text)
    DMA2_Stream6_IRQHandler                  0x08000227   Thumb Code     0  startup_stm32f767xx.o(.text)
    DMA2_Stream7_IRQHandler                  0x08000227   Thumb Code     0  startup_stm32f767xx.o(.text)
    ETH_IRQHandler                           0x08000227   Thumb Code     0  startup_stm32f767xx.o(.text)
    ETH_WKUP_IRQHandler                      0x08000227   Thumb Code     0  startup_stm32f767xx.o(.text)
    EXTI15_10_IRQHandler                     0x08000227   Thumb Code     0  startup_stm32f767xx.o(.text)
    EXTI2_IRQHandler                         0x08000227   Thumb Code     0  startup_stm32f767xx.o(.text)
    EXTI3_IRQHandler                         0x08000227   Thumb Code     0  startup_stm32f767xx.o(.text)
    EXTI4_IRQHandler                         0x08000227   Thumb Code     0  startup_stm32f767xx.o(.text)
    FLASH_IRQHandler                         0x08000227   Thumb Code     0  startup_stm32f767xx.o(.text)
    FMC_IRQHandler                           0x08000227   Thumb Code     0  startup_stm32f767xx.o(.text)
    FPU_IRQHandler                           0x08000227   Thumb Code     0  startup_stm32f767xx.o(.text)
    I2C1_ER_IRQHandler                       0x08000227   Thumb Code     0  startup_stm32f767xx.o(.text)
    I2C1_EV_IRQHandler                       0x08000227   Thumb Code     0  startup_stm32f767xx.o(.text)
    I2C2_ER_IRQHandler                       0x08000227   Thumb Code     0  startup_stm32f767xx.o(.text)
    I2C2_EV_IRQHandler                       0x08000227   Thumb Code     0  startup_stm32f767xx.o(.text)
    I2C3_ER_IRQHandler                       0x08000227   Thumb Code     0  startup_stm32f767xx.o(.text)
    I2C3_EV_IRQHandler                       0x08000227   Thumb Code     0  startup_stm32f767xx.o(.text)
    I2C4_ER_IRQHandler                       0x08000227   Thumb Code     0  startup_stm32f767xx.o(.text)
    I2C4_EV_IRQHandler                       0x08000227   Thumb Code     0  startup_stm32f767xx.o(.text)
    JPEG_IRQHandler                          0x08000227   Thumb Code     0  startup_stm32f767xx.o(.text)
    LPTIM1_IRQHandler                        0x08000227   Thumb Code     0  startup_stm32f767xx.o(.text)
    LTDC_ER_IRQHandler                       0x08000227   Thumb Code     0  startup_stm32f767xx.o(.text)
    LTDC_IRQHandler                          0x08000227   Thumb Code     0  startup_stm32f767xx.o(.text)
    MDIOS_IRQHandler                         0x08000227   Thumb Code     0  startup_stm32f767xx.o(.text)
    OTG_FS_IRQHandler                        0x08000227   Thumb Code     0  startup_stm32f767xx.o(.text)
    OTG_FS_WKUP_IRQHandler                   0x08000227   Thumb Code     0  startup_stm32f767xx.o(.text)
    OTG_HS_EP1_IN_IRQHandler                 0x08000227   Thumb Code     0  startup_stm32f767xx.o(.text)
    OTG_HS_EP1_OUT_IRQHandler                0x08000227   Thumb Code     0  startup_stm32f767xx.o(.text)
    OTG_HS_IRQHandler                        0x08000227   Thumb Code     0  startup_stm32f767xx.o(.text)
    OTG_HS_WKUP_IRQHandler                   0x08000227   Thumb Code     0  startup_stm32f767xx.o(.text)
    PVD_IRQHandler                           0x08000227   Thumb Code     0  startup_stm32f767xx.o(.text)
    QUADSPI_IRQHandler                       0x08000227   Thumb Code     0  startup_stm32f767xx.o(.text)
    RCC_IRQHandler                           0x08000227   Thumb Code     0  startup_stm32f767xx.o(.text)
    RNG_IRQHandler                           0x08000227   Thumb Code     0  startup_stm32f767xx.o(.text)
    RTC_Alarm_IRQHandler                     0x08000227   Thumb Code     0  startup_stm32f767xx.o(.text)
    RTC_WKUP_IRQHandler                      0x08000227   Thumb Code     0  startup_stm32f767xx.o(.text)
    SAI1_IRQHandler                          0x08000227   Thumb Code     0  startup_stm32f767xx.o(.text)
    SAI2_IRQHandler                          0x08000227   Thumb Code     0  startup_stm32f767xx.o(.text)
    SDMMC1_IRQHandler                        0x08000227   Thumb Code     0  startup_stm32f767xx.o(.text)
    SDMMC2_IRQHandler                        0x08000227   Thumb Code     0  startup_stm32f767xx.o(.text)
    SPDIF_RX_IRQHandler                      0x08000227   Thumb Code     0  startup_stm32f767xx.o(.text)
    SPI1_IRQHandler                          0x08000227   Thumb Code     0  startup_stm32f767xx.o(.text)
    SPI2_IRQHandler                          0x08000227   Thumb Code     0  startup_stm32f767xx.o(.text)
    SPI3_IRQHandler                          0x08000227   Thumb Code     0  startup_stm32f767xx.o(.text)
    SPI4_IRQHandler                          0x08000227   Thumb Code     0  startup_stm32f767xx.o(.text)
    SPI5_IRQHandler                          0x08000227   Thumb Code     0  startup_stm32f767xx.o(.text)
    SPI6_IRQHandler                          0x08000227   Thumb Code     0  startup_stm32f767xx.o(.text)
    TAMP_STAMP_IRQHandler                    0x08000227   Thumb Code     0  startup_stm32f767xx.o(.text)
    TIM1_BRK_TIM9_IRQHandler                 0x08000227   Thumb Code     0  startup_stm32f767xx.o(.text)
    TIM1_CC_IRQHandler                       0x08000227   Thumb Code     0  startup_stm32f767xx.o(.text)
    TIM1_TRG_COM_TIM11_IRQHandler            0x08000227   Thumb Code     0  startup_stm32f767xx.o(.text)
    TIM1_UP_TIM10_IRQHandler                 0x08000227   Thumb Code     0  startup_stm32f767xx.o(.text)
    TIM2_IRQHandler                          0x08000227   Thumb Code     0  startup_stm32f767xx.o(.text)
    TIM3_IRQHandler                          0x08000227   Thumb Code     0  startup_stm32f767xx.o(.text)
    TIM4_IRQHandler                          0x08000227   Thumb Code     0  startup_stm32f767xx.o(.text)
    TIM5_IRQHandler                          0x08000227   Thumb Code     0  startup_stm32f767xx.o(.text)
    TIM6_DAC_IRQHandler                      0x08000227   Thumb Code     0  startup_stm32f767xx.o(.text)
    TIM7_IRQHandler                          0x08000227   Thumb Code     0  startup_stm32f767xx.o(.text)
    TIM8_BRK_TIM12_IRQHandler                0x08000227   Thumb Code     0  startup_stm32f767xx.o(.text)
    TIM8_CC_IRQHandler                       0x08000227   Thumb Code     0  startup_stm32f767xx.o(.text)
    TIM8_TRG_COM_TIM14_IRQHandler            0x08000227   Thumb Code     0  startup_stm32f767xx.o(.text)
    UART4_IRQHandler                         0x08000227   Thumb Code     0  startup_stm32f767xx.o(.text)
    UART5_IRQHandler                         0x08000227   Thumb Code     0  startup_stm32f767xx.o(.text)
    UART7_IRQHandler                         0x08000227   Thumb Code     0  startup_stm32f767xx.o(.text)
    UART8_IRQHandler                         0x08000227   Thumb Code     0  startup_stm32f767xx.o(.text)
    USART1_IRQHandler                        0x08000227   Thumb Code     0  startup_stm32f767xx.o(.text)
    USART2_IRQHandler                        0x08000227   Thumb Code     0  startup_stm32f767xx.o(.text)
    USART3_IRQHandler                        0x08000227   Thumb Code     0  startup_stm32f767xx.o(.text)
    USART6_IRQHandler                        0x08000227   Thumb Code     0  startup_stm32f767xx.o(.text)
    WWDG_IRQHandler                          0x08000227   Thumb Code     0  startup_stm32f767xx.o(.text)
    __aeabi_uldivmod                         0x08000231   Thumb Code    98  uldiv.o(.text)
    __aeabi_uidiv                            0x08000293   Thumb Code     0  uidiv.o(.text)
    __aeabi_uidivmod                         0x08000293   Thumb Code    44  uidiv.o(.text)
    __aeabi_llsl                             0x080002bf   Thumb Code    30  llshl.o(.text)
    _ll_shift_l                              0x080002bf   Thumb Code     0  llshl.o(.text)
    __aeabi_llsr                             0x080002dd   Thumb Code    32  llushr.o(.text)
    _ll_ushift_r                             0x080002dd   Thumb Code     0  llushr.o(.text)
    __scatterload                            0x080002fd   Thumb Code    28  init.o(.text)
    __scatterload_rt2                        0x080002fd   Thumb Code     0  init.o(.text)
    Buzzer                                   0x08000321   Thumb Code   128  main.o(i.Buzzer)
    CheckClear                               0x080003a9   Thumb Code    96  main.o(i.CheckClear)
    CheckDoor                                0x08000431   Thumb Code   228  main.o(i.CheckDoor)
    DisplayTimer                             0x08000561   Thumb Code   422  main.o(i.DisplayTimer)
    EXTI0_IRQHandler                         0x08000769   Thumb Code    58  stm32f7xx_it.o(i.EXTI0_IRQHandler)
    EXTI1_IRQHandler                         0x080007b5   Thumb Code    10  stm32f7xx_it.o(i.EXTI1_IRQHandler)
    EXTI9_5_IRQHandler                       0x080007bf   Thumb Code    10  stm32f7xx_it.o(i.EXTI9_5_IRQHandler)
    HAL_Delay                                0x080007c9   Thumb Code    36  stm32f7xx_hal.o(i.HAL_Delay)
    HAL_GPIO_EXTI_Callback                   0x080007f1   Thumb Code    12  main.o(i.HAL_GPIO_EXTI_Callback)
    HAL_GPIO_EXTI_IRQHandler                 0x080007fd   Thumb Code    24  stm32f7xx_hal_gpio.o(i.HAL_GPIO_EXTI_IRQHandler)
    HAL_GPIO_Init                            0x08000819   Thumb Code   484  stm32f7xx_hal_gpio.o(i.HAL_GPIO_Init)
    HAL_GPIO_ReadPin                         0x08000a31   Thumb Code    16  stm32f7xx_hal_gpio.o(i.HAL_GPIO_ReadPin)
    HAL_GPIO_WritePin                        0x08000a41   Thumb Code    12  stm32f7xx_hal_gpio.o(i.HAL_GPIO_WritePin)
    HAL_GetTick                              0x08000a4d   Thumb Code     6  stm32f7xx_hal.o(i.HAL_GetTick)
    HAL_I2CEx_ConfigAnalogFilter             0x08000a59   Thumb Code   106  stm32f7xx_hal_i2c_ex.o(i.HAL_I2CEx_ConfigAnalogFilter)
    HAL_I2CEx_ConfigDigitalFilter            0x08000ac3   Thumb Code   106  stm32f7xx_hal_i2c_ex.o(i.HAL_I2CEx_ConfigDigitalFilter)
    HAL_I2C_Init                             0x08000b2d   Thumb Code   192  stm32f7xx_hal_i2c.o(i.HAL_I2C_Init)
    HAL_I2C_Mem_Read                         0x08000bf1   Thumb Code   434  stm32f7xx_hal_i2c.o(i.HAL_I2C_Mem_Read)
    HAL_I2C_Mem_Write                        0x08000dad   Thumb Code   436  stm32f7xx_hal_i2c.o(i.HAL_I2C_Mem_Write)
    HAL_I2C_MspInit                          0x08000f65   Thumb Code    76  i2c.o(i.HAL_I2C_MspInit)
    HAL_IncTick                              0x08000fbd   Thumb Code    16  stm32f7xx_hal.o(i.HAL_IncTick)
    HAL_Init                                 0x08000fd5   Thumb Code    44  stm32f7xx_hal.o(i.HAL_Init)
    HAL_InitTick                             0x08001005   Thumb Code    64  stm32f7xx_hal.o(i.HAL_InitTick)
    HAL_MspInit                              0x08001051   Thumb Code   142  stm32f7xx_hal_msp.o(i.HAL_MspInit)
    HAL_NVIC_EnableIRQ                       0x080010e5   Thumb Code    26  stm32f7xx_hal_cortex.o(i.HAL_NVIC_EnableIRQ)
    HAL_NVIC_SetPriority                     0x080010ff   Thumb Code   124  stm32f7xx_hal_cortex.o(i.HAL_NVIC_SetPriority)
    HAL_NVIC_SetPriorityGrouping             0x0800117d   Thumb Code    32  stm32f7xx_hal_cortex.o(i.HAL_NVIC_SetPriorityGrouping)
    HAL_PWREx_EnableOverDrive                0x080011a5   Thumb Code   136  stm32f7xx_hal_pwr_ex.o(i.HAL_PWREx_EnableOverDrive)
    HAL_RCCEx_PeriphCLKConfig                0x08001235   Thumb Code  1876  stm32f7xx_hal_rcc_ex.o(i.HAL_RCCEx_PeriphCLKConfig)
    HAL_RCC_ClockConfig                      0x0800198d   Thumb Code   382  stm32f7xx_hal_rcc.o(i.HAL_RCC_ClockConfig)
    HAL_RCC_GetHCLKFreq                      0x08001b1d   Thumb Code     6  stm32f7xx_hal_rcc.o(i.HAL_RCC_GetHCLKFreq)
    HAL_RCC_GetPCLK1Freq                     0x08001b29   Thumb Code    22  stm32f7xx_hal_rcc.o(i.HAL_RCC_GetPCLK1Freq)
    HAL_RCC_GetPCLK2Freq                     0x08001b49   Thumb Code    22  stm32f7xx_hal_rcc.o(i.HAL_RCC_GetPCLK2Freq)
    HAL_RCC_GetSysClockFreq                  0x08001b69   Thumb Code   162  stm32f7xx_hal_rcc.o(i.HAL_RCC_GetSysClockFreq)
    HAL_RCC_OscConfig                        0x08001c19   Thumb Code  1204  stm32f7xx_hal_rcc.o(i.HAL_RCC_OscConfig)
    HAL_RNG_Init                             0x080020d1   Thumb Code    48  stm32f7xx_hal_rng.o(i.HAL_RNG_Init)
    HAL_RNG_MspInit                          0x08002101   Thumb Code    40  rng.o(i.HAL_RNG_MspInit)
    HAL_SPI_Init                             0x08002131   Thumb Code   204  stm32f7xx_hal_spi.o(i.HAL_SPI_Init)
    HAL_SPI_MspInit                          0x080021fd   Thumb Code    76  spi.o(i.HAL_SPI_MspInit)
    HAL_SPI_Transmit                         0x08002255   Thumb Code   370  stm32f7xx_hal_spi.o(i.HAL_SPI_Transmit)
    HAL_SYSTICK_CLKSourceConfig              0x080023c7   Thumb Code    40  stm32f7xx_hal_cortex.o(i.HAL_SYSTICK_CLKSourceConfig)
    HAL_SYSTICK_Callback                     0x080023ef   Thumb Code     2  stm32f7xx_hal_cortex.o(i.HAL_SYSTICK_Callback)
    HAL_SYSTICK_Config                       0x080023f1   Thumb Code    52  stm32f7xx_hal_cortex.o(i.HAL_SYSTICK_Config)
    HAL_SYSTICK_IRQHandler                   0x08002425   Thumb Code     8  stm32f7xx_hal_cortex.o(i.HAL_SYSTICK_IRQHandler)
    HAL_TIMEx_BreakCallback                  0x0800242d   Thumb Code     2  stm32f7xx_hal_tim_ex.o(i.HAL_TIMEx_BreakCallback)
    HAL_TIMEx_CommutationCallback            0x0800242f   Thumb Code     2  stm32f7xx_hal_tim_ex.o(i.HAL_TIMEx_CommutationCallback)
    HAL_TIMEx_MasterConfigSynchronization    0x08002431   Thumb Code    98  stm32f7xx_hal_tim_ex.o(i.HAL_TIMEx_MasterConfigSynchronization)
    HAL_TIM_Base_Init                        0x0800249d   Thumb Code    52  stm32f7xx_hal_tim.o(i.HAL_TIM_Base_Init)
    HAL_TIM_Base_MspInit                     0x080024d1   Thumb Code    94  tim.o(i.HAL_TIM_Base_MspInit)
    HAL_TIM_Base_Start_IT                    0x0800253d   Thumb Code    30  stm32f7xx_hal_tim.o(i.HAL_TIM_Base_Start_IT)
    HAL_TIM_ConfigClockSource                0x0800255d   Thumb Code   308  stm32f7xx_hal_tim.o(i.HAL_TIM_ConfigClockSource)
    HAL_TIM_IC_CaptureCallback               0x08002695   Thumb Code     2  stm32f7xx_hal_tim.o(i.HAL_TIM_IC_CaptureCallback)
    HAL_TIM_IRQHandler                       0x08002697   Thumb Code   440  stm32f7xx_hal_tim.o(i.HAL_TIM_IRQHandler)
    HAL_TIM_OC_DelayElapsedCallback          0x0800284f   Thumb Code     2  stm32f7xx_hal_tim.o(i.HAL_TIM_OC_DelayElapsedCallback)
    HAL_TIM_PWM_PulseFinishedCallback        0x08002851   Thumb Code     2  stm32f7xx_hal_tim.o(i.HAL_TIM_PWM_PulseFinishedCallback)
    HAL_TIM_PeriodElapsedCallback            0x08002853   Thumb Code     2  stm32f7xx_hal_tim.o(i.HAL_TIM_PeriodElapsedCallback)
    HAL_TIM_TriggerCallback                  0x08002855   Thumb Code     2  stm32f7xx_hal_tim.o(i.HAL_TIM_TriggerCallback)
    HAL_UART_Init                            0x08002857   Thumb Code   120  stm32f7xx_hal_uart.o(i.HAL_UART_Init)
    HAL_UART_MspInit                         0x080028d1   Thumb Code    76  usart.o(i.HAL_UART_MspInit)
    ILI9341_Draw_Char                        0x08002c39   Thumb Code   170  ili9341_gfx.o(i.ILI9341_Draw_Char)
    ILI9341_Draw_Colour_Burst                0x08002ce9   Thumb Code   166  ili9341_stm32_driver.o(i.ILI9341_Draw_Colour_Burst)
    ILI9341_Draw_Hollow_Rectangle_Coord      0x08002d99   Thumb Code   224  ili9341_gfx.o(i.ILI9341_Draw_Hollow_Rectangle_Coord)
    ILI9341_Draw_Horizontal_Line             0x08002e7d   Thumb Code    80  ili9341_stm32_driver.o(i.ILI9341_Draw_Horizontal_Line)
    ILI9341_Draw_Pixel                       0x08002ed5   Thumb Code   350  ili9341_stm32_driver.o(i.ILI9341_Draw_Pixel)
    ILI9341_Draw_Rectangle                   0x08003045   Thumb Code   110  ili9341_stm32_driver.o(i.ILI9341_Draw_Rectangle)
    ILI9341_Draw_Text                        0x080030bd   Thumb Code    54  ili9341_gfx.o(i.ILI9341_Draw_Text)
    ILI9341_Draw_Vertical_Line               0x080030f5   Thumb Code    80  ili9341_stm32_driver.o(i.ILI9341_Draw_Vertical_Line)
    ILI9341_Enable                           0x0800314d   Thumb Code    14  ili9341_stm32_driver.o(i.ILI9341_Enable)
    ILI9341_Fill_Screen                      0x08003161   Thumb Code    40  ili9341_stm32_driver.o(i.ILI9341_Fill_Screen)
    ILI9341_Init                             0x08003191   Thumb Code   534  ili9341_stm32_driver.o(i.ILI9341_Init)
    ILI9341_Reset                            0x080033a9   Thumb Code    48  ili9341_stm32_driver.o(i.ILI9341_Reset)
    ILI9341_SPI_Init                         0x080033dd   Thumb Code    24  ili9341_stm32_driver.o(i.ILI9341_SPI_Init)
    ILI9341_SPI_Send                         0x080033f9   Thumb Code    16  ili9341_stm32_driver.o(i.ILI9341_SPI_Send)
    ILI9341_Set_Address                      0x0800340d   Thumb Code    82  ili9341_stm32_driver.o(i.ILI9341_Set_Address)
    ILI9341_Set_Rotation                     0x08003461   Thumb Code   128  ili9341_stm32_driver.o(i.ILI9341_Set_Rotation)
    ILI9341_Write_Command                    0x080034e9   Thumb Code    46  ili9341_stm32_driver.o(i.ILI9341_Write_Command)
    ILI9341_Write_Data                       0x0800351d   Thumb Code    44  ili9341_stm32_driver.o(i.ILI9341_Write_Data)
    MX_GPIO_Init                             0x0800354d   Thumb Code   538  gpio.o(i.MX_GPIO_Init)
    MX_I2C1_Init                             0x08003785   Thumb Code    86  i2c.o(i.MX_I2C1_Init)
    MX_RNG_Init                              0x080037f9   Thumb Code    26  rng.o(i.MX_RNG_Init)
    MX_SPI5_Init                             0x0800382d   Thumb Code    74  spi.o(i.MX_SPI5_Init)
    MX_TIM1_Init                             0x08003891   Thumb Code   104  tim.o(i.MX_TIM1_Init)
    MX_TIM8_Init                             0x08003911   Thumb Code   104  tim.o(i.MX_TIM8_Init)
    MX_USART3_UART_Init                      0x08003991   Thumb Code    60  usart.o(i.MX_USART3_UART_Init)
    Menu                                     0x080039e5   Thumb Code   888  main.o(i.Menu)
    Read_Data                                0x08003de5   Thumb Code   144  main.o(i.Read_Data)
    SysTick_Handler                          0x080040df   Thumb Code    12  stm32f7xx_it.o(i.SysTick_Handler)
    SystemClock_Config                       0x080040ed   Thumb Code   240  main.o(i.SystemClock_Config)
    SystemInit                               0x080041f9   Thumb Code    82  system_stm32f7xx.o(i.SystemInit)
    TIM8_UP_TIM13_IRQHandler                 0x0800425d   Thumb Code    70  stm32f7xx_it.o(i.TIM8_UP_TIM13_IRQHandler)
    TIM_Base_SetConfig                       0x080042b9   Thumb Code   196  stm32f7xx_hal_tim.o(i.TIM_Base_SetConfig)
    TIM_ETR_SetConfig                        0x080043a9   Thumb Code    24  stm32f7xx_hal_tim.o(i.TIM_ETR_SetConfig)
    TP_Read                                  0x0800442d   Thumb Code    62  ili9341_touchscreen.o(i.TP_Read)
    TP_Read_Coordinates                      0x08004471   Thumb Code   262  ili9341_touchscreen.o(i.TP_Read_Coordinates)
    TP_Touchpad_Pressed                      0x08004585   Thumb Code    20  ili9341_touchscreen.o(i.TP_Touchpad_Pressed)
    TP_Write                                 0x0800459d   Thumb Code    80  ili9341_touchscreen.o(i.TP_Write)
    TouchTimer                               0x080045f1   Thumb Code   314  main.o(i.TouchTimer)
    UART_AdvFeatureConfig                    0x08004775   Thumb Code   234  stm32f7xx_hal_uart.o(i.UART_AdvFeatureConfig)
    UART_CheckIdleState                      0x0800485f   Thumb Code    78  stm32f7xx_hal_uart.o(i.UART_CheckIdleState)
    UART_SetConfig                           0x080048ad   Thumb Code   858  stm32f7xx_hal_uart.o(i.UART_SetConfig)
    UART_WaitOnFlagUntilTimeout              0x08004c39   Thumb Code   108  stm32f7xx_hal_uart.o(i.UART_WaitOnFlagUntilTimeout)
    Write_Data                               0x08004ca5   Thumb Code   124  main.o(i.Write_Data)
    _Error_Handler                           0x08004d39   Thumb Code     4  main.o(i._Error_Handler)
    __0sprintf$6                             0x08004d3d   Thumb Code    34  printf6.o(i.__0sprintf$6)
    __1sprintf$6                             0x08004d3d   Thumb Code     0  printf6.o(i.__0sprintf$6)
    __2sprintf                               0x08004d3d   Thumb Code     0  printf6.o(i.__0sprintf$6)
    __scatterload_copy                       0x08004d65   Thumb Code    14  handlers.o(i.__scatterload_copy)
    __scatterload_null                       0x08004d73   Thumb Code     2  handlers.o(i.__scatterload_null)
    __scatterload_zeroinit                   0x08004d75   Thumb Code    14  handlers.o(i.__scatterload_zeroinit)
    free                                     0x080050d1   Thumb Code    76  malloc.o(i.free)
    main                                     0x08005121   Thumb Code   394  main.o(i.main)
    malloc                                   0x080052dd   Thumb Code    92  malloc.o(i.malloc)
    AHBPrescTable                            0x08005588   Data          16  system_stm32f7xx.o(.constdata)
    APBPrescTable                            0x08005598   Data           8  system_stm32f7xx.o(.constdata)
    Region$$Table$$Base                      0x080055a0   Number         0  anon$$obj.o(Region$$Table)
    Region$$Table$$Limit                     0x080055c0   Number         0  anon$$obj.o(Region$$Table)
    LCD_HEIGHT                               0x20000000   Data           2  ili9341_stm32_driver.o(.data)
    LCD_WIDTH                                0x20000002   Data           2  ili9341_stm32_driver.o(.data)
    menu                                     0x20000004   Data           1  main.o(.data)
    min                                      0x20000005   Data           1  main.o(.data)
    start                                    0x20000006   Data           1  main.o(.data)
    mode                                     0x20000007   Data           1  main.o(.data)
    Digit                                    0x20000008   Data           2  main.o(.data)
    pTimer                                   0x2000000c   Data           4  main.o(.data)
    buzzer                                   0x20000010   Data           4  main.o(.data)
    debounce1                                0x20000014   Data           4  main.o(.data)
    debounce2                                0x20000018   Data           4  main.o(.data)
    dbTimer                                  0x2000001c   Data           4  main.o(.data)
    door                                     0x20000020   Data           4  main.o(.data)
    logm                                     0x20000024   Data           4  main.o(.data)
    x_pos                                    0x20000028   Data           2  main.o(.data)
    y_pos                                    0x2000002a   Data           2  main.o(.data)
    position_array                           0x2000002c   Data           4  main.o(.data)
    sec                                      0x20000030   Data           4  main.o(.data)
    statedoor                                0x20000034   Data           1  main.o(.data)
    stateclear                               0x20000035   Data           1  main.o(.data)
    turn                                     0x20000036   Data           1  main.o(.data)
    preturn                                  0x20000037   Data           1  main.o(.data)
    count                                    0x20000038   Data           4  main.o(.data)
    precount                                 0x2000003c   Data           4  main.o(.data)
    rota                                     0x20000040   Data           4  main.o(.data)
    uwTick                                   0x20000044   Data           4  stm32f7xx_hal.o(.data)
    uwTickPrio                               0x20000048   Data           4  stm32f7xx_hal.o(.data)
    uwTickFreq                               0x2000004c   Data           1  stm32f7xx_hal.o(.data)
    SystemCoreClock                          0x20000050   Data           4  system_stm32f7xx.o(.data)
    __microlib_freelist                      0x20000054   Data           4  mvars.o(.data)
    __microlib_freelist_initialised          0x20000058   Data           4  mvars.o(.data)
    str                                      0x2000005c   Data          30  main.o(.bss)
    Buffer                                   0x2000007a   Data          10  main.o(.bss)
    hi2c1                                    0x20000084   Data          76  i2c.o(.bss)
    hrng                                     0x200000d0   Data          12  rng.o(.bss)
    hspi5                                    0x200000dc   Data         100  spi.o(.bss)
    htim1                                    0x20000140   Data          64  tim.o(.bss)
    htim8                                    0x20000180   Data          64  tim.o(.bss)
    huart3                                   0x200001c0   Data         112  usart.o(.bss)
    __heap_base                              0x20000230   Data           0  startup_stm32f767xx.o(HEAP)
    __heap_limit                             0x20000430   Data           0  startup_stm32f767xx.o(HEAP)
    __initial_sp                             0x20000830   Data           0  startup_stm32f767xx.o(STACK)



==============================================================================

Memory Map of the image

  Image Entry point : 0x080001f9

  Load Region LR_IROM1 (Base: 0x08000000, Size: 0x0000561c, Max: 0x00200000, ABSOLUTE)

    Execution Region ER_IROM1 (Exec base: 0x08000000, Load base: 0x08000000, Size: 0x000055c0, Max: 0x00200000, ABSOLUTE)

    Exec Addr    Load Addr    Size         Type   Attr      Idx    E Section Name        Object

    0x08000000   0x08000000   0x000001f8   Data   RO            3    RESET               startup_stm32f767xx.o
    0x080001f8   0x080001f8   0x00000000   Code   RO         4133  * .ARM.Collect$$$$00000000  mc_w.l(entry.o)
    0x080001f8   0x080001f8   0x00000004   Code   RO         4427    .ARM.Collect$$$$00000001  mc_w.l(entry2.o)
    0x080001fc   0x080001fc   0x00000004   Code   RO         4430    .ARM.Collect$$$$00000004  mc_w.l(entry5.o)
    0x08000200   0x08000200   0x00000000   Code   RO         4432    .ARM.Collect$$$$00000008  mc_w.l(entry7b.o)
    0x08000200   0x08000200   0x00000000   Code   RO         4434    .ARM.Collect$$$$0000000A  mc_w.l(entry8b.o)
    0x08000200   0x08000200   0x00000008   Code   RO         4435    .ARM.Collect$$$$0000000B  mc_w.l(entry9a.o)
    0x08000208   0x08000208   0x00000000   Code   RO         4437    .ARM.Collect$$$$0000000D  mc_w.l(entry10a.o)
    0x08000208   0x08000208   0x00000000   Code   RO         4439    .ARM.Collect$$$$0000000F  mc_w.l(entry11a.o)
    0x08000208   0x08000208   0x00000004   Code   RO         4428    .ARM.Collect$$$$00002712  mc_w.l(entry2.o)
    0x0800020c   0x0800020c   0x00000024   Code   RO            4    .text               startup_stm32f767xx.o
    0x08000230   0x08000230   0x00000062   Code   RO         4136    .text               mc_w.l(uldiv.o)
    0x08000292   0x08000292   0x0000002c   Code   RO         4444    .text               mc_w.l(uidiv.o)
    0x080002be   0x080002be   0x0000001e   Code   RO         4446    .text               mc_w.l(llshl.o)
    0x080002dc   0x080002dc   0x00000020   Code   RO         4448    .text               mc_w.l(llushr.o)
    0x080002fc   0x080002fc   0x00000024   Code   RO         4467    .text               mc_w.l(init.o)
    0x08000320   0x08000320   0x00000088   Code   RO          359    i.Buzzer            main.o
    0x080003a8   0x080003a8   0x00000088   Code   RO          360    i.CheckClear        main.o
    0x08000430   0x08000430   0x00000130   Code   RO          361    i.CheckDoor         main.o
    0x08000560   0x08000560   0x00000208   Code   RO          362    i.DisplayTimer      main.o
    0x08000768   0x08000768   0x0000004c   Code   RO          752    i.EXTI0_IRQHandler  stm32f7xx_it.o
    0x080007b4   0x080007b4   0x0000000a   Code   RO          753    i.EXTI1_IRQHandler  stm32f7xx_it.o
    0x080007be   0x080007be   0x0000000a   Code   RO          754    i.EXTI9_5_IRQHandler  stm32f7xx_it.o
    0x080007c8   0x080007c8   0x00000028   Code   RO         2263    i.HAL_Delay         stm32f7xx_hal.o
    0x080007f0   0x080007f0   0x0000000c   Code   RO          363    i.HAL_GPIO_EXTI_Callback  main.o
    0x080007fc   0x080007fc   0x0000001c   Code   RO         1829    i.HAL_GPIO_EXTI_IRQHandler  stm32f7xx_hal_gpio.o
    0x08000818   0x08000818   0x00000218   Code   RO         1830    i.HAL_GPIO_Init     stm32f7xx_hal_gpio.o
    0x08000a30   0x08000a30   0x00000010   Code   RO         1832    i.HAL_GPIO_ReadPin  stm32f7xx_hal_gpio.o
    0x08000a40   0x08000a40   0x0000000c   Code   RO         1834    i.HAL_GPIO_WritePin  stm32f7xx_hal_gpio.o
    0x08000a4c   0x08000a4c   0x0000000c   Code   RO         2273    i.HAL_GetTick       stm32f7xx_hal.o
    0x08000a58   0x08000a58   0x0000006a   Code   RO         1396    i.HAL_I2CEx_ConfigAnalogFilter  stm32f7xx_hal_i2c_ex.o
    0x08000ac2   0x08000ac2   0x0000006a   Code   RO         1397    i.HAL_I2CEx_ConfigDigitalFilter  stm32f7xx_hal_i2c_ex.o
    0x08000b2c   0x08000b2c   0x000000c4   Code   RO          979    i.HAL_I2C_Init      stm32f7xx_hal_i2c.o
    0x08000bf0   0x08000bf0   0x000001bc   Code   RO          995    i.HAL_I2C_Mem_Read  stm32f7xx_hal_i2c.o
    0x08000dac   0x08000dac   0x000001b8   Code   RO          998    i.HAL_I2C_Mem_Write  stm32f7xx_hal_i2c.o
    0x08000f64   0x08000f64   0x00000058   Code   RO          510    i.HAL_I2C_MspInit   i2c.o
    0x08000fbc   0x08000fbc   0x00000018   Code   RO         2279    i.HAL_IncTick       stm32f7xx_hal.o
    0x08000fd4   0x08000fd4   0x00000030   Code   RO         2280    i.HAL_Init          stm32f7xx_hal.o
    0x08001004   0x08001004   0x0000004c   Code   RO         2281    i.HAL_InitTick      stm32f7xx_hal.o
    0x08001050   0x08001050   0x00000094   Code   RO          804    i.HAL_MspInit       stm32f7xx_hal_msp.o
    0x080010e4   0x080010e4   0x0000001a   Code   RO          833    i.HAL_NVIC_EnableIRQ  stm32f7xx_hal_cortex.o
    0x080010fe   0x080010fe   0x0000007c   Code   RO          839    i.HAL_NVIC_SetPriority  stm32f7xx_hal_cortex.o
    0x0800117a   0x0800117a   0x00000002   PAD
    0x0800117c   0x0800117c   0x00000028   Code   RO          840    i.HAL_NVIC_SetPriorityGrouping  stm32f7xx_hal_cortex.o
    0x080011a4   0x080011a4   0x00000090   Code   RO         2170    i.HAL_PWREx_EnableOverDrive  stm32f7xx_hal_pwr_ex.o
    0x08001234   0x08001234   0x00000758   Code   RO         1546    i.HAL_RCCEx_PeriphCLKConfig  stm32f7xx_hal_rcc_ex.o
    0x0800198c   0x0800198c   0x00000190   Code   RO         1439    i.HAL_RCC_ClockConfig  stm32f7xx_hal_rcc.o
    0x08001b1c   0x08001b1c   0x0000000c   Code   RO         1444    i.HAL_RCC_GetHCLKFreq  stm32f7xx_hal_rcc.o
    0x08001b28   0x08001b28   0x00000020   Code   RO         1446    i.HAL_RCC_GetPCLK1Freq  stm32f7xx_hal_rcc.o
    0x08001b48   0x08001b48   0x00000020   Code   RO         1447    i.HAL_RCC_GetPCLK2Freq  stm32f7xx_hal_rcc.o
    0x08001b68   0x08001b68   0x000000b0   Code   RO         1448    i.HAL_RCC_GetSysClockFreq  stm32f7xx_hal_rcc.o
    0x08001c18   0x08001c18   0x000004b8   Code   RO         1451    i.HAL_RCC_OscConfig  stm32f7xx_hal_rcc.o
    0x080020d0   0x080020d0   0x00000030   Code   RO         2471    i.HAL_RNG_Init      stm32f7xx_hal_rng.o
    0x08002100   0x08002100   0x00000030   Code   RO          552    i.HAL_RNG_MspInit   rng.o
    0x08002130   0x08002130   0x000000cc   Code   RO         2570    i.HAL_SPI_Init      stm32f7xx_hal_spi.o
    0x080021fc   0x080021fc   0x00000058   Code   RO          594    i.HAL_SPI_MspInit   spi.o
    0x08002254   0x08002254   0x00000172   Code   RO         2578    i.HAL_SPI_Transmit  stm32f7xx_hal_spi.o
    0x080023c6   0x080023c6   0x00000028   Code   RO          842    i.HAL_SYSTICK_CLKSourceConfig  stm32f7xx_hal_cortex.o
    0x080023ee   0x080023ee   0x00000002   Code   RO          843    i.HAL_SYSTICK_Callback  stm32f7xx_hal_cortex.o
    0x080023f0   0x080023f0   0x00000034   Code   RO          844    i.HAL_SYSTICK_Config  stm32f7xx_hal_cortex.o
    0x08002424   0x08002424   0x00000008   Code   RO          845    i.HAL_SYSTICK_IRQHandler  stm32f7xx_hal_cortex.o
    0x0800242c   0x0800242c   0x00000002   Code   RO         3531    i.HAL_TIMEx_BreakCallback  stm32f7xx_hal_tim_ex.o
    0x0800242e   0x0800242e   0x00000002   Code   RO         3532    i.HAL_TIMEx_CommutationCallback  stm32f7xx_hal_tim_ex.o
    0x08002430   0x08002430   0x0000006c   Code   RO         3550    i.HAL_TIMEx_MasterConfigSynchronization  stm32f7xx_hal_tim_ex.o
    0x0800249c   0x0800249c   0x00000034   Code   RO         2888    i.HAL_TIM_Base_Init  stm32f7xx_hal_tim.o
    0x080024d0   0x080024d0   0x0000006c   Code   RO          663    i.HAL_TIM_Base_MspInit  tim.o
    0x0800253c   0x0800253c   0x0000001e   Code   RO         2893    i.HAL_TIM_Base_Start_IT  stm32f7xx_hal_tim.o
    0x0800255a   0x0800255a   0x00000002   PAD
    0x0800255c   0x0800255c   0x00000138   Code   RO         2897    i.HAL_TIM_ConfigClockSource  stm32f7xx_hal_tim.o
    0x08002694   0x08002694   0x00000002   Code   RO         2917    i.HAL_TIM_IC_CaptureCallback  stm32f7xx_hal_tim.o
    0x08002696   0x08002696   0x000001b8   Code   RO         2930    i.HAL_TIM_IRQHandler  stm32f7xx_hal_tim.o
    0x0800284e   0x0800284e   0x00000002   Code   RO         2933    i.HAL_TIM_OC_DelayElapsedCallback  stm32f7xx_hal_tim.o
    0x08002850   0x08002850   0x00000002   Code   RO         2960    i.HAL_TIM_PWM_PulseFinishedCallback  stm32f7xx_hal_tim.o
    0x08002852   0x08002852   0x00000002   Code   RO         2967    i.HAL_TIM_PeriodElapsedCallback  stm32f7xx_hal_tim.o
    0x08002854   0x08002854   0x00000002   Code   RO         2971    i.HAL_TIM_TriggerCallback  stm32f7xx_hal_tim.o
    0x08002856   0x08002856   0x00000078   Code   RO         3829    i.HAL_UART_Init     stm32f7xx_hal_uart.o
    0x080028ce   0x080028ce   0x00000002   PAD
    0x080028d0   0x080028d0   0x00000058   Code   RO          711    i.HAL_UART_MspInit  usart.o
    0x08002928   0x08002928   0x00000028   Code   RO         1021    i.I2C_Flush_TXDR    stm32f7xx_hal_i2c.o
    0x08002950   0x08002950   0x0000008c   Code   RO         1029    i.I2C_IsAcknowledgeFailed  stm32f7xx_hal_i2c.o
    0x080029dc   0x080029dc   0x00000090   Code   RO         1032    i.I2C_RequestMemoryRead  stm32f7xx_hal_i2c.o
    0x08002a6c   0x08002a6c   0x00000090   Code   RO         1033    i.I2C_RequestMemoryWrite  stm32f7xx_hal_i2c.o
    0x08002afc   0x08002afc   0x00000034   Code   RO         1036    i.I2C_TransferConfig  stm32f7xx_hal_i2c.o
    0x08002b30   0x08002b30   0x00000056   Code   RO         1037    i.I2C_WaitOnFlagUntilTimeout  stm32f7xx_hal_i2c.o
    0x08002b86   0x08002b86   0x00000056   Code   RO         1039    i.I2C_WaitOnSTOPFlagUntilTimeout  stm32f7xx_hal_i2c.o
    0x08002bdc   0x08002bdc   0x0000005a   Code   RO         1040    i.I2C_WaitOnTXISFlagUntilTimeout  stm32f7xx_hal_i2c.o
    0x08002c36   0x08002c36   0x00000002   PAD
    0x08002c38   0x08002c38   0x000000b0   Code   RO           13    i.ILI9341_Draw_Char  ili9341_gfx.o
    0x08002ce8   0x08002ce8   0x000000b0   Code   RO          195    i.ILI9341_Draw_Colour_Burst  ili9341_stm32_driver.o
    0x08002d98   0x08002d98   0x000000e4   Code   RO           17    i.ILI9341_Draw_Hollow_Rectangle_Coord  ili9341_gfx.o
    0x08002e7c   0x08002e7c   0x00000058   Code   RO          196    i.ILI9341_Draw_Horizontal_Line  ili9341_stm32_driver.o
    0x08002ed4   0x08002ed4   0x00000170   Code   RO          197    i.ILI9341_Draw_Pixel  ili9341_stm32_driver.o
    0x08003044   0x08003044   0x00000078   Code   RO          198    i.ILI9341_Draw_Rectangle  ili9341_stm32_driver.o
    0x080030bc   0x080030bc   0x00000036   Code   RO           19    i.ILI9341_Draw_Text  ili9341_gfx.o
    0x080030f2   0x080030f2   0x00000002   PAD
    0x080030f4   0x080030f4   0x00000058   Code   RO          199    i.ILI9341_Draw_Vertical_Line  ili9341_stm32_driver.o
    0x0800314c   0x0800314c   0x00000014   Code   RO          200    i.ILI9341_Enable    ili9341_stm32_driver.o
    0x08003160   0x08003160   0x00000030   Code   RO          201    i.ILI9341_Fill_Screen  ili9341_stm32_driver.o
    0x08003190   0x08003190   0x00000216   Code   RO          202    i.ILI9341_Init      ili9341_stm32_driver.o
    0x080033a6   0x080033a6   0x00000002   PAD
    0x080033a8   0x080033a8   0x00000034   Code   RO          203    i.ILI9341_Reset     ili9341_stm32_driver.o
    0x080033dc   0x080033dc   0x0000001c   Code   RO          204    i.ILI9341_SPI_Init  ili9341_stm32_driver.o
    0x080033f8   0x080033f8   0x00000014   Code   RO          205    i.ILI9341_SPI_Send  ili9341_stm32_driver.o
    0x0800340c   0x0800340c   0x00000052   Code   RO          206    i.ILI9341_Set_Address  ili9341_stm32_driver.o
    0x0800345e   0x0800345e   0x00000002   PAD
    0x08003460   0x08003460   0x00000088   Code   RO          207    i.ILI9341_Set_Rotation  ili9341_stm32_driver.o
    0x080034e8   0x080034e8   0x00000034   Code   RO          208    i.ILI9341_Write_Command  ili9341_stm32_driver.o
    0x0800351c   0x0800351c   0x00000030   Code   RO          209    i.ILI9341_Write_Data  ili9341_stm32_driver.o
    0x0800354c   0x0800354c   0x00000238   Code   RO          485    i.MX_GPIO_Init      gpio.o
    0x08003784   0x08003784   0x00000074   Code   RO          511    i.MX_I2C1_Init      i2c.o
    0x080037f8   0x080037f8   0x00000034   Code   RO          553    i.MX_RNG_Init       rng.o
    0x0800382c   0x0800382c   0x00000064   Code   RO          595    i.MX_SPI5_Init      spi.o
    0x08003890   0x08003890   0x00000080   Code   RO          664    i.MX_TIM1_Init      tim.o
    0x08003910   0x08003910   0x00000080   Code   RO          665    i.MX_TIM8_Init      tim.o
    0x08003990   0x08003990   0x00000054   Code   RO          712    i.MX_USART3_UART_Init  usart.o
    0x080039e4   0x080039e4   0x000003c8   Code   RO          364    i.Menu              main.o
    0x08003dac   0x08003dac   0x00000010   Code   RO          846    i.NVIC_GetPriorityGrouping  stm32f7xx_hal_cortex.o
    0x08003dbc   0x08003dbc   0x00000028   Code   RO          847    i.NVIC_SetPriority  stm32f7xx_hal_cortex.o
    0x08003de4   0x08003de4   0x000000a8   Code   RO          365    i.Read_Data         main.o
    0x08003e8c   0x08003e8c   0x0000009c   Code   RO          366    i.SCB_EnableDCache  main.o
    0x08003f28   0x08003f28   0x00000064   Code   RO         2608    i.SPI_EndRxTxTransaction  stm32f7xx_hal_spi.o
    0x08003f8c   0x08003f8c   0x000000b2   Code   RO         2613    i.SPI_WaitFifoStateUntilTimeout  stm32f7xx_hal_spi.o
    0x0800403e   0x0800403e   0x000000a0   Code   RO         2614    i.SPI_WaitFlagStateUntilTimeout  stm32f7xx_hal_spi.o
    0x080040de   0x080040de   0x0000000c   Code   RO          755    i.SysTick_Handler   stm32f7xx_it.o
    0x080040ea   0x080040ea   0x00000002   PAD
    0x080040ec   0x080040ec   0x0000010c   Code   RO          367    i.SystemClock_Config  main.o
    0x080041f8   0x080041f8   0x00000064   Code   RO         4100    i.SystemInit        system_stm32f7xx.o
    0x0800425c   0x0800425c   0x0000005c   Code   RO          756    i.TIM8_UP_TIM13_IRQHandler  stm32f7xx_it.o
    0x080042b8   0x080042b8   0x000000f0   Code   RO         2972    i.TIM_Base_SetConfig  stm32f7xx_hal_tim.o
    0x080043a8   0x080043a8   0x00000018   Code   RO         2979    i.TIM_ETR_SetConfig  stm32f7xx_hal_tim.o
    0x080043c0   0x080043c0   0x00000014   Code   RO         2980    i.TIM_ITRx_SetConfig  stm32f7xx_hal_tim.o
    0x080043d4   0x080043d4   0x0000002a   Code   RO         2986    i.TIM_TI1_ConfigInputStage  stm32f7xx_hal_tim.o
    0x080043fe   0x080043fe   0x0000002c   Code   RO         2988    i.TIM_TI2_ConfigInputStage  stm32f7xx_hal_tim.o
    0x0800442a   0x0800442a   0x00000002   PAD
    0x0800442c   0x0800442c   0x00000044   Code   RO          314    i.TP_Read           ili9341_touchscreen.o
    0x08004470   0x08004470   0x00000114   Code   RO          315    i.TP_Read_Coordinates  ili9341_touchscreen.o
    0x08004584   0x08004584   0x00000018   Code   RO          316    i.TP_Touchpad_Pressed  ili9341_touchscreen.o
    0x0800459c   0x0800459c   0x00000054   Code   RO          317    i.TP_Write          ili9341_touchscreen.o
    0x080045f0   0x080045f0   0x00000184   Code   RO          368    i.TouchTimer        main.o
    0x08004774   0x08004774   0x000000ea   Code   RO         3842    i.UART_AdvFeatureConfig  stm32f7xx_hal_uart.o
    0x0800485e   0x0800485e   0x0000004e   Code   RO         3843    i.UART_CheckIdleState  stm32f7xx_hal_uart.o
    0x080048ac   0x080048ac   0x0000038c   Code   RO         3854    i.UART_SetConfig    stm32f7xx_hal_uart.o
    0x08004c38   0x08004c38   0x0000006c   Code   RO         3856    i.UART_WaitOnFlagUntilTimeout  stm32f7xx_hal_uart.o
    0x08004ca4   0x08004ca4   0x00000094   Code   RO          369    i.Write_Data        main.o
    0x08004d38   0x08004d38   0x00000004   Code   RO          370    i._Error_Handler    main.o
    0x08004d3c   0x08004d3c   0x00000028   Code   RO         4295    i.__0sprintf$6      mc_w.l(printf6.o)
    0x08004d64   0x08004d64   0x0000000e   Code   RO         4477    i.__scatterload_copy  mc_w.l(handlers.o)
    0x08004d72   0x08004d72   0x00000002   Code   RO         4478    i.__scatterload_null  mc_w.l(handlers.o)
    0x08004d74   0x08004d74   0x0000000e   Code   RO         4479    i.__scatterload_zeroinit  mc_w.l(handlers.o)
    0x08004d82   0x08004d82   0x00000002   PAD
    0x08004d84   0x08004d84   0x000002f0   Code   RO         4300    i._printf_core      mc_w.l(printf6.o)
    0x08005074   0x08005074   0x00000024   Code   RO         4301    i._printf_post_padding  mc_w.l(printf6.o)
    0x08005098   0x08005098   0x0000002e   Code   RO         4302    i._printf_pre_padding  mc_w.l(printf6.o)
    0x080050c6   0x080050c6   0x0000000a   Code   RO         4304    i._sputc            mc_w.l(printf6.o)
    0x080050d0   0x080050d0   0x00000050   Code   RO         4399    i.free              mc_w.l(malloc.o)
    0x08005120   0x08005120   0x000001bc   Code   RO          371    i.main              main.o
    0x080052dc   0x080052dc   0x0000006c   Code   RO         4400    i.malloc            mc_w.l(malloc.o)
    0x08005348   0x08005348   0x00000240   Data   RO           20    .constdata          ili9341_gfx.o
    0x08005588   0x08005588   0x00000018   Data   RO         4101    .constdata          system_stm32f7xx.o
    0x080055a0   0x080055a0   0x00000020   Data   RO         4475    Region$$Table       anon$$obj.o


    Execution Region RW_IRAM1 (Exec base: 0x20000000, Load base: 0x080055c0, Size: 0x00000830, Max: 0x00080000, ABSOLUTE)

    Exec Addr    Load Addr    Size         Type   Attr      Idx    E Section Name        Object

    0x20000000   0x080055c0   0x00000004   Data   RW          210    .data               ili9341_stm32_driver.o
    0x20000004   0x080055c4   0x00000040   Data   RW          374    .data               main.o
    0x20000044   0x08005604   0x00000009   Data   RW         2287    .data               stm32f7xx_hal.o
    0x2000004d   0x0800560d   0x00000003   PAD
    0x20000050   0x08005610   0x00000004   Data   RW         4102    .data               system_stm32f7xx.o
    0x20000054   0x08005614   0x00000004   Data   RW         4454    .data               mc_w.l(mvars.o)
    0x20000058   0x08005618   0x00000004   Data   RW         4455    .data               mc_w.l(mvars.o)
    0x2000005c        -       0x00000028   Zero   RW          372    .bss                main.o
    0x20000084        -       0x0000004c   Zero   RW          512    .bss                i2c.o
    0x200000d0        -       0x0000000c   Zero   RW          554    .bss                rng.o
    0x200000dc        -       0x00000064   Zero   RW          596    .bss                spi.o
    0x20000140        -       0x00000080   Zero   RW          666    .bss                tim.o
    0x200001c0        -       0x00000070   Zero   RW          713    .bss                usart.o
    0x20000230        -       0x00000200   Zero   RW            2    HEAP                startup_stm32f767xx.o
    0x20000430        -       0x00000400   Zero   RW            1    STACK               startup_stm32f767xx.o


==============================================================================

Image component sizes


      Code (inc. data)   RO Data    RW Data    ZI Data      Debug   Object Name

       568         30          0          0          0       1275   gpio.o
       204         42          0          0         76       1625   i2c.o
       458         10        576          0          0     873954   ili9341_gfx.o
      1860         98          0          4          0      10971   ili9341_stm32_driver.o
       452         28          0          0          0       3289   ili9341_touchscreen.o
      3652        510          0         64         40      41910   main.o
       100         34          0          0         12       1467   rng.o
       188         38          0          0        100       1621   spi.o
        36          8        504          0       1536        840   startup_stm32f767xx.o
       200         34          0          9          0       4005   stm32f7xx_hal.o
       348         22          0          0          0      37685   stm32f7xx_hal_cortex.o
       592         56          0          0          0       3754   stm32f7xx_hal_gpio.o
      1862         34          0          0          0      11578   stm32f7xx_hal_i2c.o
       212          0          0          0          0       1963   stm32f7xx_hal_i2c_ex.o
       148          6          0          0          0        898   stm32f7xx_hal_msp.o
       144          8          0          0          0       1280   stm32f7xx_hal_pwr_ex.o
      1860         70          0          0          0       5560   stm32f7xx_hal_rcc.o
      1880         16          0          0          0       2244   stm32f7xx_hal_rcc_ex.o
        48          0          0          0          0       1075   stm32f7xx_hal_rng.o
      1012          0          0          0          0       5114   stm32f7xx_hal_spi.o
      1214         48          0          0          0      10219   stm32f7xx_hal_tim.o
       112         10          0          0          0       2558   stm32f7xx_hal_tim_ex.o
      1448         50          0          0          0       4565   stm32f7xx_hal_uart.o
       200         40          0          0          0       2528   stm32f7xx_it.o
       100         18         24          4          0       1167   system_stm32f7xx.o
       364         62          0          0        128       2327   tim.o
       172         36          0          0        112       1634   usart.o

    ----------------------------------------------------------------------
     19452       1308       1136         84       2004    1037106   Object Totals
         0          0         32          0          0          0   (incl. Generated)
        18          0          0          3          0          0   (incl. Padding)

    ----------------------------------------------------------------------

      Code (inc. data)   RO Data    RW Data    ZI Data      Debug   Library Member Name

         0          0          0          0          0          0   entry.o
         0          0          0          0          0          0   entry10a.o
         0          0          0          0          0          0   entry11a.o
         8          4          0          0          0          0   entry2.o
         4          0          0          0          0          0   entry5.o
         0          0          0          0          0          0   entry7b.o
         0          0          0          0          0          0   entry8b.o
         8          4          0          0          0          0   entry9a.o
        30          0          0          0          0          0   handlers.o
        36          8          0          0          0         68   init.o
        30          0          0          0          0         68   llshl.o
        32          0          0          0          0         68   llushr.o
       188         20          0          0          0        160   malloc.o
         0          0          0          8          0          0   mvars.o
       884         10          0          0          0        420   printf6.o
        44          0          0          0          0         80   uidiv.o
        98          0          0          0          0         92   uldiv.o

    ----------------------------------------------------------------------
      1364         46          0          8          0        956   Library Totals
         2          0          0          0          0          0   (incl. Padding)

    ----------------------------------------------------------------------

      Code (inc. data)   RO Data    RW Data    ZI Data      Debug   Library Name

      1362         46          0          8          0        956   mc_w.l

    ----------------------------------------------------------------------
      1364         46          0          8          0        956   Library Totals

    ----------------------------------------------------------------------

==============================================================================


      Code (inc. data)   RO Data    RW Data    ZI Data      Debug   

     20816       1354       1136         92       2004    1026198   Grand Totals
     20816       1354       1136         92       2004    1026198   ELF Image Totals
     20816       1354       1136         92          0          0   ROM Totals

==============================================================================

    Total RO  Size (Code + RO Data)                21952 (  21.44kB)
    Total RW  Size (RW Data + ZI Data)              2096 (   2.05kB)
    Total ROM Size (Code + RO Data + RW Data)      22044 (  21.53kB)

==============================================================================

